Archive member included to satisfy reference by file (symbol)

D:/ST/STM32CubeIDE_1.13.2/STM32CubeIDE/plugins/com.st.stm32cube.ide.mcu.externaltools.gnu-tools-for-stm32.11.3.rel1.win32_1.1.1.202309131626/tools/bin/../lib/gcc/arm-none-eabi/11.3.1/../../../../arm-none-eabi/lib/thumb/v7e-m+fp/hard\libc_nano.a(libc_a-exit.o)
                              D:/ST/STM32CubeIDE_1.13.2/STM32CubeIDE/plugins/com.st.stm32cube.ide.mcu.externaltools.gnu-tools-for-stm32.11.3.rel1.win32_1.1.1.202309131626/tools/bin/../lib/gcc/arm-none-eabi/11.3.1/../../../../arm-none-eabi/lib/thumb/v7e-m+fp/hard/crt0.o (exit)
D:/ST/STM32CubeIDE_1.13.2/STM32CubeIDE/plugins/com.st.stm32cube.ide.mcu.externaltools.gnu-tools-for-stm32.11.3.rel1.win32_1.1.1.202309131626/tools/bin/../lib/gcc/arm-none-eabi/11.3.1/../../../../arm-none-eabi/lib/thumb/v7e-m+fp/hard\libc_nano.a(libc_a-findfp.o)
                              D:/ST/STM32CubeIDE_1.13.2/STM32CubeIDE/plugins/com.st.stm32cube.ide.mcu.externaltools.gnu-tools-for-stm32.11.3.rel1.win32_1.1.1.202309131626/tools/bin/../lib/gcc/arm-none-eabi/11.3.1/../../../../arm-none-eabi/lib/thumb/v7e-m+fp/hard\libc_nano.a(libc_a-exit.o) (__stdio_exit_handler)
D:/ST/STM32CubeIDE_1.13.2/STM32CubeIDE/plugins/com.st.stm32cube.ide.mcu.externaltools.gnu-tools-for-stm32.11.3.rel1.win32_1.1.1.202309131626/tools/bin/../lib/gcc/arm-none-eabi/11.3.1/../../../../arm-none-eabi/lib/thumb/v7e-m+fp/hard\libc_nano.a(libc_a-fwalk.o)
                              D:/ST/STM32CubeIDE_1.13.2/STM32CubeIDE/plugins/com.st.stm32cube.ide.mcu.externaltools.gnu-tools-for-stm32.11.3.rel1.win32_1.1.1.202309131626/tools/bin/../lib/gcc/arm-none-eabi/11.3.1/../../../../arm-none-eabi/lib/thumb/v7e-m+fp/hard\libc_nano.a(libc_a-findfp.o) (_fwalk_sglue)
D:/ST/STM32CubeIDE_1.13.2/STM32CubeIDE/plugins/com.st.stm32cube.ide.mcu.externaltools.gnu-tools-for-stm32.11.3.rel1.win32_1.1.1.202309131626/tools/bin/../lib/gcc/arm-none-eabi/11.3.1/../../../../arm-none-eabi/lib/thumb/v7e-m+fp/hard\libc_nano.a(libc_a-stdio.o)
                              D:/ST/STM32CubeIDE_1.13.2/STM32CubeIDE/plugins/com.st.stm32cube.ide.mcu.externaltools.gnu-tools-for-stm32.11.3.rel1.win32_1.1.1.202309131626/tools/bin/../lib/gcc/arm-none-eabi/11.3.1/../../../../arm-none-eabi/lib/thumb/v7e-m+fp/hard\libc_nano.a(libc_a-findfp.o) (__sread)
D:/ST/STM32CubeIDE_1.13.2/STM32CubeIDE/plugins/com.st.stm32cube.ide.mcu.externaltools.gnu-tools-for-stm32.11.3.rel1.win32_1.1.1.202309131626/tools/bin/../lib/gcc/arm-none-eabi/11.3.1/../../../../arm-none-eabi/lib/thumb/v7e-m+fp/hard\libc_nano.a(libc_a-memset.o)
                              D:/ST/STM32CubeIDE_1.13.2/STM32CubeIDE/plugins/com.st.stm32cube.ide.mcu.externaltools.gnu-tools-for-stm32.11.3.rel1.win32_1.1.1.202309131626/tools/bin/../lib/gcc/arm-none-eabi/11.3.1/../../../../arm-none-eabi/lib/thumb/v7e-m+fp/hard/crt0.o (memset)
D:/ST/STM32CubeIDE_1.13.2/STM32CubeIDE/plugins/com.st.stm32cube.ide.mcu.externaltools.gnu-tools-for-stm32.11.3.rel1.win32_1.1.1.202309131626/tools/bin/../lib/gcc/arm-none-eabi/11.3.1/../../../../arm-none-eabi/lib/thumb/v7e-m+fp/hard\libc_nano.a(libc_a-closer.o)
                              D:/ST/STM32CubeIDE_1.13.2/STM32CubeIDE/plugins/com.st.stm32cube.ide.mcu.externaltools.gnu-tools-for-stm32.11.3.rel1.win32_1.1.1.202309131626/tools/bin/../lib/gcc/arm-none-eabi/11.3.1/../../../../arm-none-eabi/lib/thumb/v7e-m+fp/hard\libc_nano.a(libc_a-stdio.o) (_close_r)
D:/ST/STM32CubeIDE_1.13.2/STM32CubeIDE/plugins/com.st.stm32cube.ide.mcu.externaltools.gnu-tools-for-stm32.11.3.rel1.win32_1.1.1.202309131626/tools/bin/../lib/gcc/arm-none-eabi/11.3.1/../../../../arm-none-eabi/lib/thumb/v7e-m+fp/hard\libc_nano.a(libc_a-reent.o)
                              D:/ST/STM32CubeIDE_1.13.2/STM32CubeIDE/plugins/com.st.stm32cube.ide.mcu.externaltools.gnu-tools-for-stm32.11.3.rel1.win32_1.1.1.202309131626/tools/bin/../lib/gcc/arm-none-eabi/11.3.1/../../../../arm-none-eabi/lib/thumb/v7e-m+fp/hard\libc_nano.a(libc_a-closer.o) (errno)
D:/ST/STM32CubeIDE_1.13.2/STM32CubeIDE/plugins/com.st.stm32cube.ide.mcu.externaltools.gnu-tools-for-stm32.11.3.rel1.win32_1.1.1.202309131626/tools/bin/../lib/gcc/arm-none-eabi/11.3.1/../../../../arm-none-eabi/lib/thumb/v7e-m+fp/hard\libc_nano.a(libc_a-impure.o)
                              D:/ST/STM32CubeIDE_1.13.2/STM32CubeIDE/plugins/com.st.stm32cube.ide.mcu.externaltools.gnu-tools-for-stm32.11.3.rel1.win32_1.1.1.202309131626/tools/bin/../lib/gcc/arm-none-eabi/11.3.1/../../../../arm-none-eabi/lib/thumb/v7e-m+fp/hard\libc_nano.a(libc_a-reent.o) (_impure_ptr)
D:/ST/STM32CubeIDE_1.13.2/STM32CubeIDE/plugins/com.st.stm32cube.ide.mcu.externaltools.gnu-tools-for-stm32.11.3.rel1.win32_1.1.1.202309131626/tools/bin/../lib/gcc/arm-none-eabi/11.3.1/../../../../arm-none-eabi/lib/thumb/v7e-m+fp/hard\libc_nano.a(libc_a-lseekr.o)
[...]
Memory Configuration

Name             Origin             Length             Attributes
RAM              0x0000000020000000 0x0000000000020000 xrw
FLASH            0x0000000008000000 0x0000000000080000 xr
*default*        0x0000000000000000 0xffffffffffffffff

Linker script and memory map

LOAD D:/ST/STM32CubeIDE_1.13.2/STM32CubeIDE/plugins/com.st.stm32cube.ide.mcu.externaltools.gnu-tools-for-stm32.11.3.rel1.win32_1.1.1.202309131626/tools/bin/../lib/gcc/arm-none-eabi/11.3.1/thumb/v7e-m+fp/hard/crti.o
LOAD D:/ST/STM32CubeIDE_1.13.2/STM32CubeIDE/plugins/com.st.stm32cube.ide.mcu.externaltools.gnu-tools-for-stm32.11.3.rel1.win32_1.1.1.202309131626/tools/bin/../lib/gcc/arm-none-eabi/11.3.1/thumb/v7e-m+fp/hard/crtbegin.o
LOAD D:/ST/STM32CubeIDE_1.13.2/STM32CubeIDE/plugins/com.st.stm32cube.ide.mcu.externaltools.gnu-tools-for-stm32.11.3.rel1.win32_1.1.1.202309131626/tools/bin/../lib/gcc/arm-none-eabi/11.3.1/../../../../arm-none-eabi/lib/thumb/v7e-m+fp/hard/crt0.o
LOAD ./Core/Src/main.o
LOAD ./Core/Src/stm32f4xx_hal_msp.o
LOAD ./Core/Src/stm32f4xx_it.o
LOAD ./Core/Src/syscalls.o
LOAD ./Core/Src/sysmem.o
LOAD ./Core/Src/system_stm32f4xx.o
LOAD ./Core/Startup/startup_stm32f446retx.o
LOAD ./Drivers/STM32F4xx_HAL_Driver/Src/stm32f4xx_hal.o
LOAD ./Drivers/STM32F4xx_HAL_Driver/Src/stm32f4xx_hal_cortex.o
LOAD ./Drivers/STM32F4xx_HAL_Driver/Src/stm32f4xx_hal_dma.o
LOAD ./Drivers/STM32F4xx_HAL_Driver/Src/stm32f4xx_hal_dma_ex.o
LOAD ./Drivers/STM32F4xx_HAL_Driver/Src/stm32f4xx_hal_exti.o
LOAD ./Drivers/STM32F4xx_HAL_Driver/Src/stm32f4xx_hal_flash.o
LOAD ./Drivers/STM32F4xx_HAL_Driver/Src/stm32f4xx_hal_flash_ex.o
LOAD ./Drivers/STM32F4xx_HAL_Driver/Src/stm32f4xx_hal_flash_ramfunc.o
LOAD ./Drivers/STM32F4xx_HAL_Driver/Src/stm32f4xx_hal_gpio.o
LOAD ./Drivers/STM32F4xx_HAL_Driver/Src/stm32f4xx_hal_pcd.o
LOAD ./Drivers/STM32F4xx_HAL_Driver/Src/stm32f4xx_hal_pcd_ex.o
LOAD ./Drivers/STM32F4xx_HAL_Driver/Src/stm32f4xx_hal_pwr.o
LOAD ./Drivers/STM32F4xx_HAL_Driver/Src/stm32f4xx_hal_pwr_ex.o
LOAD ./Drivers/STM32F4xx_HAL_Driver/Src/stm32f4xx_hal_rcc.o
LOAD ./Drivers/STM32F4xx_HAL_Driver/Src/stm32f4xx_hal_rcc_ex.o
LOAD ./Drivers/STM32F4xx_HAL_Driver/Src/stm32f4xx_hal_spi.o
LOAD ./Drivers/STM32F4xx_HAL_Driver/Src/stm32f4xx_hal_tim.o
LOAD ./Drivers/STM32F4xx_HAL_Driver/Src/stm32f4xx_hal_tim_ex.o
LOAD ./Drivers/STM32F4xx_HAL_Driver/Src/stm32f4xx_ll_usb.o
LOAD ./Middlewares/ST/STM32_USB_Device_Library/Class/HID/Src/usbd_hid.o
LOAD ./Middlewares/ST/STM32_USB_Device_Library/Core/Src/usbd_core.o
LOAD ./Middlewares/ST/STM32_USB_Device_Library/Core/Src/usbd_ctlreq.o
LOAD ./Middlewares/ST/STM32_USB_Device_Library/Core/Src/usbd_ioreq.o
LOAD ./USB_DEVICE/App/usb_device.o
LOAD ./USB_DEVICE/App/usbd_desc.o
LOAD ./USB_DEVICE/Target/usbd_conf.o
START GROUP
LOAD D:/ST/STM32CubeIDE_1.13.2/STM32CubeIDE/plugins/com.st.stm32cube.ide.mcu.externaltools.gnu-tools-for-stm32.11.3.rel1.win32_1.1.1.202309131626/tools/bin/../lib/gcc/arm-none-eabi/11.3.1/../../../../arm-none-eabi/lib/thumb/v7e-m+fp/hard\libc_nano.a
LOAD D:/ST/STM32CubeIDE_1.13.2/STM32CubeIDE/plugins/com.st.stm32cube.ide.mcu.externaltools.gnu-tools-for-stm32.11.3.rel1.win32_1.1.1.202309131626/tools/bin/../lib/gcc/arm-none-eabi/11.3.1/../../../../arm-none-eabi/lib/thumb/v7e-m+fp/hard\libm.a
END GROUP
START GROUP
LOAD D:/ST/STM32CubeIDE_1.13.2/STM32CubeIDE/plugins/com.st.stm32cube.ide.mcu.externaltools.gnu-tools-for-stm32.11.3.rel1.win32_1.1.1.202309131626/tools/bin/../lib/gcc/arm-none-eabi/11.3.1/thumb/v7e-m+fp/hard\libgcc.a
LOAD D:/ST/STM32CubeIDE_1.13.2/STM32CubeIDE/plugins/com.st.stm32cube.ide.mcu.externaltools.gnu-tools-for-stm32.11.3.rel1.win32_1.1.1.202309131626/tools/bin/../lib/gcc/arm-none-eabi/11.3.1/../../../../arm-none-eabi/lib/thumb/v7e-m+fp/hard\libc_nano.a
END GROUP
START GROUP
LOAD D:/ST/STM32CubeIDE_1.13.2/STM32CubeIDE/plugins/com.st.stm32cube.ide.mcu.externaltools.gnu-tools-for-stm32.11.3.rel1.win32_1.1.1.202309131626/tools/bin/../lib/gcc/arm-none-eabi/11.3.1/thumb/v7e-m+fp/hard\libgcc.a
LOAD D:/ST/STM32CubeIDE_1.13.2/STM32CubeIDE/plugins/com.st.stm32cube.ide.mcu.externaltools.gnu-tools-for-stm32.11.3.rel1.win32_1.1.1.202309131626/tools/bin/../lib/gcc/arm-none-eabi/11.3.1/../../../../arm-none-eabi/lib/thumb/v7e-m+fp/hard\libc_nano.a
LOAD D:/ST/STM32CubeIDE_1.13.2/STM32CubeIDE/plugins/com.st.stm32cube.ide.mcu.externaltools.gnu-tools-for-stm32.11.3.rel1.win32_1.1.1.202309131626/tools/bin/../lib/gcc/arm-none-eabi/11.3.1/../../../../arm-none-eabi/lib/thumb/v7e-m+fp/hard\libnosys.a
END GROUP
START GROUP
LOAD D:/ST/STM32CubeIDE_1.13.2/STM32CubeIDE/plugins/com.st.stm32cube.ide.mcu.externaltools.gnu-tools-for-stm32.11.3.rel1.win32_1.1.1.202309131626/tools/bin/../lib/gcc/arm-none-eabi/11.3.1/thumb/v7e-m+fp/hard\libgcc.a
LOAD D:/ST/STM32CubeIDE_1.13.2/STM32CubeIDE/plugins/com.st.stm32cube.ide.mcu.externaltools.gnu-tools-for-stm32.11.3.rel1.win32_1.1.1.202309131626/tools/bin/../lib/gcc/arm-none-eabi/11.3.1/../../../../arm-none-eabi/lib/thumb/v7e-m+fp/hard\libc_nano.a
LOAD D:/ST/STM32CubeIDE_1.13.2/STM32CubeIDE/plugins/com.st.stm32cube.ide.mcu.externaltools.gnu-tools-for-stm32.11.3.rel1.win32_1.1.1.202309131626/tools/bin/../lib/gcc/arm-none-eabi/11.3.1/../../../../arm-none-eabi/lib/thumb/v7e-m+fp/hard\libnosys.a
END GROUP
LOAD D:/ST/STM32CubeIDE_1.13.2/STM32CubeIDE/plugins/com.st.stm32cube.ide.mcu.externaltools.gnu-tools-for-stm32.11.3.rel1.win32_1.1.1.202309131626/tools/bin/../lib/gcc/arm-none-eabi/11.3.1/thumb/v7e-m+fp/hard/crtend.o
LOAD D:/ST/STM32CubeIDE_1.13.2/STM32CubeIDE/plugins/com.st.stm32cube.ide.mcu.externaltools.gnu-tools-for-stm32.11.3.rel1.win32_1.1.1.202309131626/tools/bin/../lib/gcc/arm-none-eabi/11.3.1/thumb/v7e-m+fp/hard/crtn.o
                0x0000000020020000                _estack = (ORIGIN (RAM) + LENGTH (RAM))
                0x0000000000000200                _Min_Heap_Size = 0x200
                0x0000000000000400                _Min_Stack_Size = 0x400

.isr_vector     0x0000000008000000      0x1c4
                0x0000000008000000                . = ALIGN (0x4)
 *(.isr_vector)
 .isr_vector    0x0000000008000000      0x1c4 ./Core/Startup/startup_stm32f446retx.o
                0x0000000008000000                g_pfnVectors
                0x00000000080001c4                . = ALIGN (0x4)

.text           0x00000000080001c4     0x7c14
                0x00000000080001c4                . = ALIGN (0x4)
 *(.text)
 .text          0x00000000080001c4       0x40 D:/ST/STM32CubeIDE_1.13.2/STM32CubeIDE/plugins/com.st.stm32cube.ide.mcu.externaltools.gnu-tools-for-stm32.11.3.rel1.win32_1.1.1.202309131626/tools/bin/../lib/gcc/arm-none-eabi/11.3.1/thumb/v7e-m+fp/hard/crtbegin.o
 .text          0x0000000008000204       0x30 D:/ST/STM32CubeIDE_1.13.2/STM32CubeIDE/plugins/com.st.stm32cube.ide.mcu.externaltools.gnu-tools-for-stm32.11.3.rel1.win32_1.1.1.202309131626/tools/bin/../lib/gcc/arm-none-eabi/11.3.1/thumb/v7e-m+fp/hard\libgcc.a(_aeabi_uldivmod.o)
                0x0000000008000204                __aeabi_uldivmod
 .text          0x0000000008000234      0x2c8 D:/ST/STM32CubeIDE_1.13.2/STM32CubeIDE/plugins/com.st.stm32cube.ide.mcu.externaltools.gnu-tools-for-stm32.11.3.rel1.win32_1.1.1.202309131626/tools/bin/../lib/gcc/arm-none-eabi/11.3.1/thumb/v7e-m+fp/hard\libgcc.a(_udivmoddi4.o)
                0x0000000008000234                __udivmoddi4
 .text          0x00000000080004fc        0x4 D:/ST/STM32CubeIDE_1.13.2/STM32CubeIDE/plugins/com.st.stm32cube.ide.mcu.externaltools.gnu-tools-for-stm32.11.3.rel1.win32_1.1.1.202309131626/tools/bin/../lib/gcc/arm-none-eabi/11.3.1/thumb/v7e-m+fp/hard\libgcc.a(_dvmd_tls.o)
                0x00000000080004fc                __aeabi_idiv0
                0x00000000080004fc                __aeabi_ldiv0
 *(.text*)
 .text.main     0x0000000008000500       0x1e ./Core/Src/main.o
                0x0000000008000500                main
 *fill*         0x000000000800051e        0x2 
 .text.SystemClock_Config
                0x0000000008000520       0xe4 ./Core/Src/main.o
                0x0000000008000520                SystemClock_Config
 .text.MX_SPI1_Init
                0x0000000008000604       0x6c ./Core/Src/main.o
 .text.MX_TIM2_Init
                0x0000000008000670       0xb0 ./Core/Src/main.o
 .text.MX_GPIO_Init
                0x0000000008000720      0x134 ./Core/Src/main.o
 .text.Error_Handler
                0x0000000008000854        0xa ./Core/Src/main.o
                0x0000000008000854                Error_Handler
 *fill*         0x000000000800085e        0x2 
 .text.HAL_MspInit
                0x0000000008000860       0x50 ./Core/Src/stm32f4xx_hal_msp.o
                0x0000000008000860                HAL_MspInit
 .text.HAL_SPI_MspInit
                0x00000000080008b0       0x90 ./Core/Src/stm32f4xx_hal_msp.o
                0x00000000080008b0                HAL_SPI_MspInit
 .text.HAL_TIM_PWM_MspInit
                0x0000000008000940       0x40 ./Core/Src/stm32f4xx_hal_msp.o
                0x0000000008000940                HAL_TIM_PWM_MspInit
 .text.HAL_TIM_MspPostInit
                0x0000000008000980       0x70 ./Core/Src/stm32f4xx_hal_msp.o
                0x0000000008000980                HAL_TIM_MspPostInit
 .text.NMI_Handler
                0x00000000080009f0        0x6 ./Core/Src/stm32f4xx_it.o
                0x00000000080009f0                NMI_Handler
 .text.HardFault_Handler
                0x00000000080009f6        0x6 ./Core/Src/stm32f4xx_it.o
                0x00000000080009f6                HardFault_Handler
 .text.MemManage_Handler
                0x00000000080009fc        0x6 ./Core/Src/stm32f4xx_it.o
                0x00000000080009fc                MemManage_Handler
 .text.BusFault_Handler
                0x0000000008000a02        0x6 ./Core/Src/stm32f4xx_it.o
                0x0000000008000a02                BusFault_Handler
 .text.UsageFault_Handler
                0x0000000008000a08        0x6 ./Core/Src/stm32f4xx_it.o
                0x0000000008000a08                UsageFault_Handler
 .text.SVC_Handler
                0x0000000008000a0e        0xe ./Core/Src/stm32f4xx_it.o
                0x0000000008000a0e                SVC_Handler
 .text.DebugMon_Handler
                0x0000000008000a1c        0xe ./Core/Src/stm32f4xx_it.o
                0x0000000008000a1c                DebugMon_Handler
 .text.PendSV_Handler
                0x0000000008000a2a        0xe ./Core/Src/stm32f4xx_it.o
                0x0000000008000a2a                PendSV_Handler
 .text.SysTick_Handler
                0x0000000008000a38        0xc ./Core/Src/stm32f4xx_it.o
                0x0000000008000a38                SysTick_Handler
 .text.OTG_FS_IRQHandler
                0x0000000008000a44       0x14 ./Core/Src/stm32f4xx_it.o
                0x0000000008000a44                OTG_FS_IRQHandler
 .text.SystemInit
                0x0000000008000a58       0x24 ./Core/Src/system_stm32f4xx.o
                0x0000000008000a58                SystemInit
 .text.Reset_Handler
                0x0000000008000a7c       0x50 ./Core/Startup/startup_stm32f446retx.o
                0x0000000008000a7c                Reset_Handler
 .text.Default_Handler
                0x0000000008000acc        0x2 ./Core/Startup/startup_stm32f446retx.o
                0x0000000008000acc                RTC_Alarm_IRQHandler
                0x0000000008000acc                EXTI2_IRQHandler
                0x0000000008000acc                TIM8_CC_IRQHandler
                0x0000000008000acc                FMPI2C1_EV_IRQHandler
                0x0000000008000acc                SPI4_IRQHandler
                0x0000000008000acc                TIM1_CC_IRQHandler
                0x0000000008000acc                DMA2_Stream5_IRQHandler
                0x0000000008000acc                DMA1_Stream5_IRQHandler
                0x0000000008000acc                PVD_IRQHandler
                0x0000000008000acc                SDIO_IRQHandler
                0x0000000008000acc                TAMP_STAMP_IRQHandler
                0x0000000008000acc                CAN2_RX1_IRQHandler
                0x0000000008000acc                EXTI3_IRQHandler
                0x0000000008000acc                TIM8_TRG_COM_TIM14_IRQHandler
                0x0000000008000acc                TIM1_UP_TIM10_IRQHandler
                0x0000000008000acc                TIM8_UP_TIM13_IRQHandler
                0x0000000008000acc                I2C3_ER_IRQHandler
                0x0000000008000acc                EXTI0_IRQHandler
                0x0000000008000acc                I2C2_EV_IRQHandler
                0x0000000008000acc                DMA1_Stream2_IRQHandler
                0x0000000008000acc                CAN1_RX0_IRQHandler
                0x0000000008000acc                FPU_IRQHandler
                0x0000000008000acc                OTG_HS_WKUP_IRQHandler
                0x0000000008000acc                CAN2_SCE_IRQHandler
                0x0000000008000acc                DMA2_Stream2_IRQHandler
                0x0000000008000acc                SPI1_IRQHandler
                0x0000000008000acc                TIM6_DAC_IRQHandler
                0x0000000008000acc                TIM1_BRK_TIM9_IRQHandler
                0x0000000008000acc                DCMI_IRQHandler
                0x0000000008000acc                CAN2_RX0_IRQHandler
                0x0000000008000acc                DMA2_Stream3_IRQHandler
                0x0000000008000acc                SAI2_IRQHandler
                0x0000000008000acc                USART6_IRQHandler
                0x0000000008000acc                USART3_IRQHandler
                0x0000000008000acc                CAN1_RX1_IRQHandler
                0x0000000008000acc                UART5_IRQHandler
                0x0000000008000acc                DMA2_Stream0_IRQHandler
                0x0000000008000acc                TIM4_IRQHandler
                0x0000000008000acc                QUADSPI_IRQHandler
                0x0000000008000acc                I2C1_EV_IRQHandler
                0x0000000008000acc                DMA1_Stream6_IRQHandler
                0x0000000008000acc                DMA1_Stream1_IRQHandler
                0x0000000008000acc                UART4_IRQHandler
                0x0000000008000acc                TIM3_IRQHandler
                0x0000000008000acc                RCC_IRQHandler
                0x0000000008000acc                TIM8_BRK_TIM12_IRQHandler
                0x0000000008000acc                Default_Handler
                0x0000000008000acc                CEC_IRQHandler
                0x0000000008000acc                EXTI15_10_IRQHandler
                0x0000000008000acc                ADC_IRQHandler
                0x0000000008000acc                DMA1_Stream7_IRQHandler
                0x0000000008000acc                TIM7_IRQHandler
                0x0000000008000acc                CAN2_TX_IRQHandler
                0x0000000008000acc                TIM5_IRQHandler
                0x0000000008000acc                DMA2_Stream7_IRQHandler
                0x0000000008000acc                I2C3_EV_IRQHandler
                0x0000000008000acc                EXTI9_5_IRQHandler
                0x0000000008000acc                RTC_WKUP_IRQHandler
                0x0000000008000acc                SPDIF_RX_IRQHandler
                0x0000000008000acc                SPI2_IRQHandler
                0x0000000008000acc                OTG_HS_EP1_IN_IRQHandler
                0x0000000008000acc                DMA1_Stream0_IRQHandler
                0x0000000008000acc                CAN1_TX_IRQHandler
                0x0000000008000acc                FMPI2C1_ER_IRQHandler
                0x0000000008000acc                EXTI4_IRQHandler
                0x0000000008000acc                OTG_HS_EP1_OUT_IRQHandler
                0x0000000008000acc                WWDG_IRQHandler
                0x0000000008000acc                TIM2_IRQHandler
                0x0000000008000acc                OTG_FS_WKUP_IRQHandler
                0x0000000008000acc                TIM1_TRG_COM_TIM11_IRQHandler
                0x0000000008000acc                OTG_HS_IRQHandler
                0x0000000008000acc                EXTI1_IRQHandler
                0x0000000008000acc                USART2_IRQHandler
                0x0000000008000acc                I2C2_ER_IRQHandler
                0x0000000008000acc                DMA2_Stream1_IRQHandler
                0x0000000008000acc                CAN1_SCE_IRQHandler
                0x0000000008000acc                FLASH_IRQHandler
                0x0000000008000acc                DMA2_Stream4_IRQHandler
                0x0000000008000acc                USART1_IRQHandler
                0x0000000008000acc                SPI3_IRQHandler
                0x0000000008000acc                DMA1_Stream4_IRQHandler
                0x0000000008000acc                I2C1_ER_IRQHandler
                0x0000000008000acc                FMC_IRQHandler
                0x0000000008000acc                DMA2_Stream6_IRQHandler
                0x0000000008000acc                SAI1_IRQHandler
                0x0000000008000acc                DMA1_Stream3_IRQHandler
 *fill*         0x0000000008000ace        0x2 
 .text.HAL_Init
                0x0000000008000ad0       0x44 ./Drivers/STM32F4xx_HAL_Driver/Src/stm32f4xx_hal.o
                0x0000000008000ad0                HAL_Init
 .text.HAL_InitTick
                0x0000000008000b14       0x60 ./Drivers/STM32F4xx_HAL_Driver/Src/stm32f4xx_hal.o
                0x0000000008000b14                HAL_InitTick
 .text.HAL_IncTick
                0x0000000008000b74       0x28 ./Drivers/STM32F4xx_HAL_Driver/Src/stm32f4xx_hal.o
                0x0000000008000b74                HAL_IncTick
 .text.HAL_GetTick
                0x0000000008000b9c       0x18 ./Drivers/STM32F4xx_HAL_Driver/Src/stm32f4xx_hal.o
                0x0000000008000b9c                HAL_GetTick
 .text.HAL_Delay
                0x0000000008000bb4       0x48 ./Drivers/STM32F4xx_HAL_Driver/Src/stm32f4xx_hal.o
                0x0000000008000bb4                HAL_Delay
 .text.__NVIC_SetPriorityGrouping
                0x0000000008000bfc       0x48 ./Drivers/STM32F4xx_HAL_Driver/Src/stm32f4xx_hal_cortex.o
 .text.__NVIC_GetPriorityGrouping
                0x0000000008000c44       0x1c ./Drivers/STM32F4xx_HAL_Driver/Src/stm32f4xx_hal_cortex.o
 .text.__NVIC_EnableIRQ
                0x0000000008000c60       0x3c ./Drivers/STM32F4xx_HAL_Driver/Src/stm32f4xx_hal_cortex.o
 .text.__NVIC_SetPriority
                0x0000000008000c9c       0x54 ./Drivers/STM32F4xx_HAL_Driver/Src/stm32f4xx_hal_cortex.o
 .text.NVIC_EncodePriority
                0x0000000008000cf0       0x66 ./Drivers/STM32F4xx_HAL_Driver/Src/stm32f4xx_hal_cortex.o
 *fill*         0x0000000008000d56        0x2 
 .text.SysTick_Config
                0x0000000008000d58       0x44 ./Drivers/STM32F4xx_HAL_Driver/Src/stm32f4xx_hal_cortex.o
 .text.HAL_NVIC_SetPriorityGrouping
                0x0000000008000d9c       0x16 ./Drivers/STM32F4xx_HAL_Driver/Src/stm32f4xx_hal_cortex.o
                0x0000000008000d9c                HAL_NVIC_SetPriorityGrouping
 .text.HAL_NVIC_SetPriority
                0x0000000008000db2       0x38 ./Drivers/STM32F4xx_HAL_Driver/Src/stm32f4xx_hal_cortex.o
                0x0000000008000db2                HAL_NVIC_SetPriority
 .text.HAL_NVIC_EnableIRQ
                0x0000000008000dea       0x1c ./Drivers/STM32F4xx_HAL_Driver/Src/stm32f4xx_hal_cortex.o
                0x0000000008000dea                HAL_NVIC_EnableIRQ
 .text.HAL_SYSTICK_Config
                0x0000000008000e06       0x18 ./Drivers/STM32F4xx_HAL_Driver/Src/stm32f4xx_hal_cortex.o
                0x0000000008000e06                HAL_SYSTICK_Config
 *fill*         0x0000000008000e1e        0x2 
 .text.HAL_GPIO_Init
                0x0000000008000e20      0x328 ./Drivers/STM32F4xx_HAL_Driver/Src/stm32f4xx_hal_gpio.o
                0x0000000008000e20                HAL_GPIO_Init
 .text.HAL_GPIO_WritePin
                0x0000000008001148       0x32 ./Drivers/STM32F4xx_HAL_Driver/Src/stm32f4xx_hal_gpio.o
                0x0000000008001148                HAL_GPIO_WritePin
 .text.HAL_PCD_Init
                0x000000000800117a      0x248 ./Drivers/STM32F4xx_HAL_Driver/Src/stm32f4xx_hal_pcd.o
                0x000000000800117a                HAL_PCD_Init
 .text.HAL_PCD_Start
                0x00000000080013c2       0x66 ./Drivers/STM32F4xx_HAL_Driver/Src/stm32f4xx_hal_pcd.o
                0x00000000080013c2                HAL_PCD_Start
 .text.HAL_PCD_IRQHandler
                0x0000000008001428      0x998 ./Drivers/STM32F4xx_HAL_Driver/Src/stm32f4xx_hal_pcd.o
                0x0000000008001428                HAL_PCD_IRQHandler
 .text.HAL_PCD_SetAddress
                0x0000000008001dc0       0x4a ./Drivers/STM32F4xx_HAL_Driver/Src/stm32f4xx_hal_pcd.o
                0x0000000008001dc0                HAL_PCD_SetAddress
 .text.HAL_PCD_EP_Open
                0x0000000008001e0a       0xd0 ./Drivers/STM32F4xx_HAL_Driver/Src/stm32f4xx_hal_pcd.o
                0x0000000008001e0a                HAL_PCD_EP_Open
 .text.HAL_PCD_EP_Close
                0x0000000008001eda       0x94 ./Drivers/STM32F4xx_HAL_Driver/Src/stm32f4xx_hal_pcd.o
                0x0000000008001eda                HAL_PCD_EP_Close
 .text.HAL_PCD_EP_Receive
                0x0000000008001f6e       0x96 ./Drivers/STM32F4xx_HAL_Driver/Src/stm32f4xx_hal_pcd.o
                0x0000000008001f6e                HAL_PCD_EP_Receive
 .text.HAL_PCD_EP_Transmit
                0x0000000008002004       0x94 ./Drivers/STM32F4xx_HAL_Driver/Src/stm32f4xx_hal_pcd.o
                0x0000000008002004                HAL_PCD_EP_Transmit
 .text.HAL_PCD_EP_SetStall
                0x0000000008002098       0xc8 ./Drivers/STM32F4xx_HAL_Driver/Src/stm32f4xx_hal_pcd.o
                0x0000000008002098                HAL_PCD_EP_SetStall
 .text.HAL_PCD_EP_ClrStall
                0x0000000008002160       0xac ./Drivers/STM32F4xx_HAL_Driver/Src/stm32f4xx_hal_pcd.o
                0x0000000008002160                HAL_PCD_EP_ClrStall
 .text.HAL_PCD_EP_Abort
                0x000000000800220c       0x62 ./Drivers/STM32F4xx_HAL_Driver/Src/stm32f4xx_hal_pcd.o
                0x000000000800220c                HAL_PCD_EP_Abort
 .text.PCD_WriteEmptyTxFifo
                0x000000000800226e      0x11a ./Drivers/STM32F4xx_HAL_Driver/Src/stm32f4xx_hal_pcd.o
 .text.PCD_EP_OutXfrComplete_int
                0x0000000008002388      0x1d0 ./Drivers/STM32F4xx_HAL_Driver/Src/stm32f4xx_hal_pcd.o
 .text.PCD_EP_OutSetupPacket_int
                0x0000000008002558       0x8c ./Drivers/STM32F4xx_HAL_Driver/Src/stm32f4xx_hal_pcd.o
 .text.HAL_PCDEx_SetTxFiFo
                0x00000000080025e4       0x8e ./Drivers/STM32F4xx_HAL_Driver/Src/stm32f4xx_hal_pcd_ex.o
                0x00000000080025e4                HAL_PCDEx_SetTxFiFo
 .text.HAL_PCDEx_SetRxFiFo
                0x0000000008002672       0x22 ./Drivers/STM32F4xx_HAL_Driver/Src/stm32f4xx_hal_pcd_ex.o
                0x0000000008002672                HAL_PCDEx_SetRxFiFo
 .text.HAL_PCDEx_ActivateLPM
                0x0000000008002694       0x48 ./Drivers/STM32F4xx_HAL_Driver/Src/stm32f4xx_hal_pcd_ex.o
                0x0000000008002694                HAL_PCDEx_ActivateLPM
 .text.HAL_PWREx_EnableOverDrive
                0x00000000080026dc       0xa0 ./Drivers/STM32F4xx_HAL_Driver/Src/stm32f4xx_hal_pwr_ex.o
                0x00000000080026dc                HAL_PWREx_EnableOverDrive
 .text.HAL_RCC_ClockConfig
                0x000000000800277c      0x1cc ./Drivers/STM32F4xx_HAL_Driver/Src/stm32f4xx_hal_rcc.o
                0x000000000800277c                HAL_RCC_ClockConfig
 .text.HAL_RCC_GetHCLKFreq
                0x0000000008002948       0x18 ./Drivers/STM32F4xx_HAL_Driver/Src/stm32f4xx_hal_rcc.o
                0x0000000008002948                HAL_RCC_GetHCLKFreq
 .text.HAL_RCCEx_PeriphCLKConfig
                0x0000000008002960      0x654 ./Drivers/STM32F4xx_HAL_Driver/Src/stm32f4xx_hal_rcc_ex.o
                0x0000000008002960                HAL_RCCEx_PeriphCLKConfig
 .text.HAL_RCC_GetSysClockFreq
                0x0000000008002fb4      0x354 ./Drivers/STM32F4xx_HAL_Driver/Src/stm32f4xx_hal_rcc_ex.o
                0x0000000008002fb4                HAL_RCC_GetSysClockFreq
 .text.HAL_RCC_OscConfig
                0x0000000008003308      0x53c ./Drivers/STM32F4xx_HAL_Driver/Src/stm32f4xx_hal_rcc_ex.o
                0x0000000008003308                HAL_RCC_OscConfig
 .text.HAL_SPI_Init
                0x0000000008003844      0x112 ./Drivers/STM32F4xx_HAL_Driver/Src/stm32f4xx_hal_spi.o
                0x0000000008003844                HAL_SPI_Init
 .text.HAL_TIM_PWM_Init
                0x0000000008003956       0x9e ./Drivers/STM32F4xx_HAL_Driver/Src/stm32f4xx_hal_tim.o
                0x0000000008003956                HAL_TIM_PWM_Init
 .text.HAL_TIM_PWM_ConfigChannel
                0x00000000080039f4      0x184 ./Drivers/STM32F4xx_HAL_Driver/Src/stm32f4xx_hal_tim.o
                0x00000000080039f4                HAL_TIM_PWM_ConfigChannel
 .text.TIM_Base_SetConfig
                0x0000000008003b78      0x140 ./Drivers/STM32F4xx_HAL_Driver/Src/stm32f4xx_hal_tim.o
                0x0000000008003b78                TIM_Base_SetConfig
 .text.TIM_OC1_SetConfig
                0x0000000008003cb8       0xe0 ./Drivers/STM32F4xx_HAL_Driver/Src/stm32f4xx_hal_tim.o
 .text.TIM_OC2_SetConfig
                0x0000000008003d98       0xec ./Drivers/STM32F4xx_HAL_Driver/Src/stm32f4xx_hal_tim.o
                0x0000000008003d98                TIM_OC2_SetConfig
 .text.TIM_OC3_SetConfig
                0x0000000008003e84       0xe8 ./Drivers/STM32F4xx_HAL_Driver/Src/stm32f4xx_hal_tim.o
 .text.TIM_OC4_SetConfig
                0x0000000008003f6c       0xac ./Drivers/STM32F4xx_HAL_Driver/Src/stm32f4xx_hal_tim.o
 .text.HAL_TIMEx_MasterConfigSynchronization
                0x0000000008004018       0xf8 ./Drivers/STM32F4xx_HAL_Driver/Src/stm32f4xx_hal_tim_ex.o
                0x0000000008004018                HAL_TIMEx_MasterConfigSynchronization
 .text.USB_CoreInit
                0x0000000008004110       0xc2 ./Drivers/STM32F4xx_HAL_Driver/Src/stm32f4xx_ll_usb.o
                0x0000000008004110                USB_CoreInit
 *fill*         0x00000000080041d2        0x2 
 .text.USB_SetTurnaroundTime
                0x00000000080041d4      0x144 ./Drivers/STM32F4xx_HAL_Driver/Src/stm32f4xx_ll_usb.o
                0x00000000080041d4                USB_SetTurnaroundTime
 .text.USB_EnableGlobalInt
                0x0000000008004318       0x22 ./Drivers/STM32F4xx_HAL_Driver/Src/stm32f4xx_ll_usb.o
                0x0000000008004318                USB_EnableGlobalInt
 .text.USB_DisableGlobalInt
                0x000000000800433a       0x22 ./Drivers/STM32F4xx_HAL_Driver/Src/stm32f4xx_ll_usb.o
                0x000000000800433a                USB_DisableGlobalInt
 .text.USB_SetCurrentMode
                0x000000000800435c       0x98 ./Drivers/STM32F4xx_HAL_Driver/Src/stm32f4xx_ll_usb.o
                0x000000000800435c                USB_SetCurrentMode
 .text.USB_DevInit
                0x00000000080043f4      0x2bc ./Drivers/STM32F4xx_HAL_Driver/Src/stm32f4xx_ll_usb.o
                0x00000000080043f4                USB_DevInit
 .text.USB_FlushTxFifo
                0x00000000080046b0       0x68 ./Drivers/STM32F4xx_HAL_Driver/Src/stm32f4xx_ll_usb.o
                0x00000000080046b0                USB_FlushTxFifo
 .text.USB_FlushRxFifo
                0x0000000008004718       0x60 ./Drivers/STM32F4xx_HAL_Driver/Src/stm32f4xx_ll_usb.o
                0x0000000008004718                USB_FlushRxFifo
 .text.USB_SetDevSpeed
                0x0000000008004778       0x32 ./Drivers/STM32F4xx_HAL_Driver/Src/stm32f4xx_ll_usb.o
                0x0000000008004778                USB_SetDevSpeed
 .text.USB_GetDevSpeed
                0x00000000080047aa       0x4a ./Drivers/STM32F4xx_HAL_Driver/Src/stm32f4xx_ll_usb.o
                0x00000000080047aa                USB_GetDevSpeed
 .text.USB_ActivateEndpoint
                0x00000000080047f4      0x10e ./Drivers/STM32F4xx_HAL_Driver/Src/stm32f4xx_ll_usb.o
                0x00000000080047f4                USB_ActivateEndpoint
 *fill*         0x0000000008004902        0x2 
 .text.USB_DeactivateEndpoint
                0x0000000008004904      0x1b8 ./Drivers/STM32F4xx_HAL_Driver/Src/stm32f4xx_ll_usb.o
                0x0000000008004904                USB_DeactivateEndpoint
 .text.USB_EPStartXfer
                0x0000000008004abc      0x490 ./Drivers/STM32F4xx_HAL_Driver/Src/stm32f4xx_ll_usb.o
                0x0000000008004abc                USB_EPStartXfer
 .text.USB_EP0StartXfer
                0x0000000008004f4c      0x2b0 ./Drivers/STM32F4xx_HAL_Driver/Src/stm32f4xx_ll_usb.o
                0x0000000008004f4c                USB_EP0StartXfer
 .text.USB_EPStopXfer
                0x00000000080051fc      0x154 ./Drivers/STM32F4xx_HAL_Driver/Src/stm32f4xx_ll_usb.o
                0x00000000080051fc                USB_EPStopXfer
 .text.USB_WritePacket
                0x0000000008005350       0x7c ./Drivers/STM32F4xx_HAL_Driver/Src/stm32f4xx_ll_usb.o
                0x0000000008005350                USB_WritePacket
 .text.USB_ReadPacket
                0x00000000080053cc       0xb0 ./Drivers/STM32F4xx_HAL_Driver/Src/stm32f4xx_ll_usb.o
                0x00000000080053cc                USB_ReadPacket
 .text.USB_EPSetStall
                0x000000000800547c       0xdc ./Drivers/STM32F4xx_HAL_Driver/Src/stm32f4xx_ll_usb.o
                0x000000000800547c                USB_EPSetStall
 .text.USB_EPClearStall
                0x0000000008005558       0xcc ./Drivers/STM32F4xx_HAL_Driver/Src/stm32f4xx_ll_usb.o
                0x0000000008005558                USB_EPClearStall
 .text.USB_SetDevAddress
                0x0000000008005624       0x4c ./Drivers/STM32F4xx_HAL_Driver/Src/stm32f4xx_ll_usb.o
                0x0000000008005624                USB_SetDevAddress
 .text.USB_DevConnect
                0x0000000008005670       0x42 ./Drivers/STM32F4xx_HAL_Driver/Src/stm32f4xx_ll_usb.o
                0x0000000008005670                USB_DevConnect
 .text.USB_DevDisconnect
                0x00000000080056b2       0x42 ./Drivers/STM32F4xx_HAL_Driver/Src/stm32f4xx_ll_usb.o
                0x00000000080056b2                USB_DevDisconnect
 .text.USB_ReadInterrupts
                0x00000000080056f4       0x26 ./Drivers/STM32F4xx_HAL_Driver/Src/stm32f4xx_ll_usb.o
                0x00000000080056f4                USB_ReadInterrupts
 .text.USB_ReadDevAllOutEpInterrupt
                0x000000000800571a       0x34 ./Drivers/STM32F4xx_HAL_Driver/Src/stm32f4xx_ll_usb.o
                0x000000000800571a                USB_ReadDevAllOutEpInterrupt
 .text.USB_ReadDevAllInEpInterrupt
                0x000000000800574e       0x34 ./Drivers/STM32F4xx_HAL_Driver/Src/stm32f4xx_ll_usb.o
                0x000000000800574e                USB_ReadDevAllInEpInterrupt
 .text.USB_ReadDevOutEPInterrupt
                0x0000000008005782       0x3c ./Drivers/STM32F4xx_HAL_Driver/Src/stm32f4xx_ll_usb.o
                0x0000000008005782                USB_ReadDevOutEPInterrupt
 .text.USB_ReadDevInEPInterrupt
                0x00000000080057be       0x5c ./Drivers/STM32F4xx_HAL_Driver/Src/stm32f4xx_ll_usb.o
                0x00000000080057be                USB_ReadDevInEPInterrupt
 .text.USB_GetMode
                0x000000000800581a       0x1c ./Drivers/STM32F4xx_HAL_Driver/Src/stm32f4xx_ll_usb.o
                0x000000000800581a                USB_GetMode
 .text.USB_ActivateSetup
                0x0000000008005836       0x46 ./Drivers/STM32F4xx_HAL_Driver/Src/stm32f4xx_ll_usb.o
                0x0000000008005836                USB_ActivateSetup
 .text.USB_EP0_OutStart
                0x000000000800587c       0xbc ./Drivers/STM32F4xx_HAL_Driver/Src/stm32f4xx_ll_usb.o
                0x000000000800587c                USB_EP0_OutStart
 .text.USB_CoreReset
                0x0000000008005938       0x68 ./Drivers/STM32F4xx_HAL_Driver/Src/stm32f4xx_ll_usb.o
 .text.USBD_HID_Init
                0x00000000080059a0       0xcc ./Middlewares/ST/STM32_USB_Device_Library/Class/HID/Src/usbd_hid.o
 .text.USBD_HID_DeInit
                0x0000000008005a6c       0x90 ./Middlewares/ST/STM32_USB_Device_Library/Class/HID/Src/usbd_hid.o
 .text.USBD_HID_Setup
                0x0000000008005afc      0x210 ./Middlewares/ST/STM32_USB_Device_Library/Class/HID/Src/usbd_hid.o
 .text.USBD_HID_GetFSCfgDesc
                0x0000000008005d0c       0x34 ./Middlewares/ST/STM32_USB_Device_Library/Class/HID/Src/usbd_hid.o
 .text.USBD_HID_GetHSCfgDesc
                0x0000000008005d40       0x34 ./Middlewares/ST/STM32_USB_Device_Library/Class/HID/Src/usbd_hid.o
 .text.USBD_HID_GetOtherSpeedCfgDesc
                0x0000000008005d74       0x34 ./Middlewares/ST/STM32_USB_Device_Library/Class/HID/Src/usbd_hid.o
 .text.USBD_HID_DataIn
                0x0000000008005da8       0x2c ./Middlewares/ST/STM32_USB_Device_Library/Class/HID/Src/usbd_hid.o
 .text.USBD_HID_GetDeviceQualifierDesc
                0x0000000008005dd4       0x20 ./Middlewares/ST/STM32_USB_Device_Library/Class/HID/Src/usbd_hid.o
 .text.USBD_Init
                0x0000000008005df4       0x60 ./Middlewares/ST/STM32_USB_Device_Library/Core/Src/usbd_core.o
                0x0000000008005df4                USBD_Init
 .text.USBD_RegisterClass
                0x0000000008005e54       0x6c ./Middlewares/ST/STM32_USB_Device_Library/Core/Src/usbd_core.o
                0x0000000008005e54                USBD_RegisterClass
 .text.USBD_Start
                0x0000000008005ec0       0x18 ./Middlewares/ST/STM32_USB_Device_Library/Core/Src/usbd_core.o
                0x0000000008005ec0                USBD_Start
 .text.USBD_RunTestMode
                0x0000000008005ed8       0x16 ./Middlewares/ST/STM32_USB_Device_Library/Core/Src/usbd_core.o
                0x0000000008005ed8                USBD_RunTestMode
 .text.USBD_SetClassConfig
                0x0000000008005eee       0x38 ./Middlewares/ST/STM32_USB_Device_Library/Core/Src/usbd_core.o
                0x0000000008005eee                USBD_SetClassConfig
 .text.USBD_ClrClassConfig
                0x0000000008005f26       0x34 ./Middlewares/ST/STM32_USB_Device_Library/Core/Src/usbd_core.o
                0x0000000008005f26                USBD_ClrClassConfig
 .text.USBD_LL_SetupStage
                0x0000000008005f5a       0xaa ./Middlewares/ST/STM32_USB_Device_Library/Core/Src/usbd_core.o
                0x0000000008005f5a                USBD_LL_SetupStage
 .text.USBD_LL_DataOutStage
                0x0000000008006004      0x166 ./Middlewares/ST/STM32_USB_Device_Library/Core/Src/usbd_core.o
                0x0000000008006004                USBD_LL_DataOutStage
 .text.USBD_LL_DataInStage
                0x000000000800616a      0x164 ./Middlewares/ST/STM32_USB_Device_Library/Core/Src/usbd_core.o
                0x000000000800616a                USBD_LL_DataInStage
 .text.USBD_LL_Reset
                0x00000000080062ce       0xa4 ./Middlewares/ST/STM32_USB_Device_Library/Core/Src/usbd_core.o
                0x00000000080062ce                USBD_LL_Reset
 .text.USBD_LL_SetSpeed
                0x0000000008006372       0x20 ./Middlewares/ST/STM32_USB_Device_Library/Core/Src/usbd_core.o
                0x0000000008006372                USBD_LL_SetSpeed
 .text.USBD_LL_Suspend
                0x0000000008006392       0x2c ./Middlewares/ST/STM32_USB_Device_Library/Core/Src/usbd_core.o
                0x0000000008006392                USBD_LL_Suspend
 .text.USBD_LL_Resume
                0x00000000080063be       0x30 ./Middlewares/ST/STM32_USB_Device_Library/Core/Src/usbd_core.o
                0x00000000080063be                USBD_LL_Resume
 .text.USBD_LL_SOF
                0x00000000080063ee       0x40 ./Middlewares/ST/STM32_USB_Device_Library/Core/Src/usbd_core.o
                0x00000000080063ee                USBD_LL_SOF
 .text.USBD_LL_IsoINIncomplete
                0x000000000800642e       0x64 ./Middlewares/ST/STM32_USB_Device_Library/Core/Src/usbd_core.o
                0x000000000800642e                USBD_LL_IsoINIncomplete
 .text.USBD_LL_IsoOUTIncomplete
                0x0000000008006492       0x64 ./Middlewares/ST/STM32_USB_Device_Library/Core/Src/usbd_core.o
                0x0000000008006492                USBD_LL_IsoOUTIncomplete
 .text.USBD_LL_DevConnected
                0x00000000080064f6       0x16 ./Middlewares/ST/STM32_USB_Device_Library/Core/Src/usbd_core.o
                0x00000000080064f6                USBD_LL_DevConnected
 .text.USBD_LL_DevDisconnected
                0x000000000800650c       0x46 ./Middlewares/ST/STM32_USB_Device_Library/Core/Src/usbd_core.o
                0x000000000800650c                USBD_LL_DevDisconnected
 .text.USBD_CoreFindIF
                0x0000000008006552       0x1a ./Middlewares/ST/STM32_USB_Device_Library/Core/Src/usbd_core.o
                0x0000000008006552                USBD_CoreFindIF
 .text.USBD_CoreFindEP
                0x000000000800656c       0x1a ./Middlewares/ST/STM32_USB_Device_Library/Core/Src/usbd_core.o
                0x000000000800656c                USBD_CoreFindEP
 .text.USBD_GetEpDesc
                0x0000000008006586       0x74 ./Middlewares/ST/STM32_USB_Device_Library/Core/Src/usbd_core.o
                0x0000000008006586                USBD_GetEpDesc
 .text.USBD_GetNextDesc
                0x00000000080065fa       0x3a ./Middlewares/ST/STM32_USB_Device_Library/Core/Src/usbd_core.o
                0x00000000080065fa                USBD_GetNextDesc
 .text.SWAPBYTE
                0x0000000008006634       0x3c ./Middlewares/ST/STM32_USB_Device_Library/Core/Src/usbd_ctlreq.o
 .text.USBD_StdDevReq
                0x0000000008006670       0xe4 ./Middlewares/ST/STM32_USB_Device_Library/Core/Src/usbd_ctlreq.o
                0x0000000008006670                USBD_StdDevReq
 .text.USBD_StdItfReq
                0x0000000008006754       0xd8 ./Middlewares/ST/STM32_USB_Device_Library/Core/Src/usbd_ctlreq.o
                0x0000000008006754                USBD_StdItfReq
 .text.USBD_StdEPReq
                0x000000000800682c      0x33a ./Middlewares/ST/STM32_USB_Device_Library/Core/Src/usbd_ctlreq.o
                0x000000000800682c                USBD_StdEPReq
 *fill*         0x0000000008006b66        0x2 
 .text.USBD_GetDescriptor
                0x0000000008006b68      0x328 ./Middlewares/ST/STM32_USB_Device_Library/Core/Src/usbd_ctlreq.o
 .text.USBD_SetAddress
                0x0000000008006e90       0x88 ./Middlewares/ST/STM32_USB_Device_Library/Core/Src/usbd_ctlreq.o
 .text.USBD_SetConfig
                0x0000000008006f18      0x154 ./Middlewares/ST/STM32_USB_Device_Library/Core/Src/usbd_ctlreq.o
 .text.USBD_GetConfig
                0x000000000800706c       0x6c ./Middlewares/ST/STM32_USB_Device_Library/Core/Src/usbd_ctlreq.o
 .text.USBD_GetStatus
                0x00000000080070d8       0x68 ./Middlewares/ST/STM32_USB_Device_Library/Core/Src/usbd_ctlreq.o
 .text.USBD_SetFeature
                0x0000000008007140       0x52 ./Middlewares/ST/STM32_USB_Device_Library/Core/Src/usbd_ctlreq.o
 .text.USBD_ClrFeature
                0x0000000008007192       0x44 ./Middlewares/ST/STM32_USB_Device_Library/Core/Src/usbd_ctlreq.o
 .text.USBD_ParseSetupRequest
                0x00000000080071d6       0x74 ./Middlewares/ST/STM32_USB_Device_Library/Core/Src/usbd_ctlreq.o
                0x00000000080071d6                USBD_ParseSetupRequest
 .text.USBD_CtlError
                0x000000000800724a       0x22 ./Middlewares/ST/STM32_USB_Device_Library/Core/Src/usbd_ctlreq.o
                0x000000000800724a                USBD_CtlError
 .text.USBD_GetString
                0x000000000800726c       0x8c ./Middlewares/ST/STM32_USB_Device_Library/Core/Src/usbd_ctlreq.o
                0x000000000800726c                USBD_GetString
 .text.USBD_GetLen
                0x00000000080072f8       0x34 ./Middlewares/ST/STM32_USB_Device_Library/Core/Src/usbd_ctlreq.o
 .text.USBD_CtlSendData
                0x000000000800732c       0x36 ./Middlewares/ST/STM32_USB_Device_Library/Core/Src/usbd_ioreq.o
                0x000000000800732c                USBD_CtlSendData
 .text.USBD_CtlContinueSendData
                0x0000000008007362       0x22 ./Middlewares/ST/STM32_USB_Device_Library/Core/Src/usbd_ioreq.o
                0x0000000008007362                USBD_CtlContinueSendData
 .text.USBD_CtlContinueRx
                0x0000000008007384       0x22 ./Middlewares/ST/STM32_USB_Device_Library/Core/Src/usbd_ioreq.o
                0x0000000008007384                USBD_CtlContinueRx
 .text.USBD_CtlSendStatus
                0x00000000080073a6       0x26 ./Middlewares/ST/STM32_USB_Device_Library/Core/Src/usbd_ioreq.o
                0x00000000080073a6                USBD_CtlSendStatus
 .text.USBD_CtlReceiveStatus
                0x00000000080073cc       0x26 ./Middlewares/ST/STM32_USB_Device_Library/Core/Src/usbd_ioreq.o
                0x00000000080073cc                USBD_CtlReceiveStatus
 *fill*         0x00000000080073f2        0x2 
 .text.MX_USB_DEVICE_Init
                0x00000000080073f4       0x4c ./USB_DEVICE/App/usb_device.o
                0x00000000080073f4                MX_USB_DEVICE_Init
 .text.USBD_FS_DeviceDescriptor
                0x0000000008007440       0x24 ./USB_DEVICE/App/usbd_desc.o
                0x0000000008007440                USBD_FS_DeviceDescriptor
 .text.USBD_FS_LangIDStrDescriptor
                0x0000000008007464       0x24 ./USB_DEVICE/App/usbd_desc.o
                0x0000000008007464                USBD_FS_LangIDStrDescriptor
 .text.USBD_FS_ProductStrDescriptor
                0x0000000008007488       0x3c ./USB_DEVICE/App/usbd_desc.o
                0x0000000008007488                USBD_FS_ProductStrDescriptor
 .text.USBD_FS_ManufacturerStrDescriptor
                0x00000000080074c4       0x28 ./USB_DEVICE/App/usbd_desc.o
                0x00000000080074c4                USBD_FS_ManufacturerStrDescriptor
 .text.USBD_FS_SerialStrDescriptor
                0x00000000080074ec       0x24 ./USB_DEVICE/App/usbd_desc.o
                0x00000000080074ec                USBD_FS_SerialStrDescriptor
 .text.USBD_FS_ConfigStrDescriptor
                0x0000000008007510       0x3c ./USB_DEVICE/App/usbd_desc.o
                0x0000000008007510                USBD_FS_ConfigStrDescriptor
 .text.USBD_FS_InterfaceStrDescriptor
                0x000000000800754c       0x3c ./USB_DEVICE/App/usbd_desc.o
                0x000000000800754c                USBD_FS_InterfaceStrDescriptor
 .text.USBD_FS_USR_BOSDescriptor
                0x0000000008007588       0x24 ./USB_DEVICE/App/usbd_desc.o
                0x0000000008007588                USBD_FS_USR_BOSDescriptor
 .text.Get_SerialNum
                0x00000000080075ac       0x58 ./USB_DEVICE/App/usbd_desc.o
 .text.IntToUnicode
                0x0000000008007604       0x7e ./USB_DEVICE/App/usbd_desc.o
 *fill*         0x0000000008007682        0x2 
 .text.HAL_PCD_MspInit
                0x0000000008007684       0xec ./USB_DEVICE/Target/usbd_conf.o
                0x0000000008007684                HAL_PCD_MspInit
 .text.HAL_PCD_SetupStageCallback
                0x0000000008007770       0x24 ./USB_DEVICE/Target/usbd_conf.o
                0x0000000008007770                HAL_PCD_SetupStageCallback
 .text.HAL_PCD_DataOutStageCallback
                0x0000000008007794       0x36 ./USB_DEVICE/Target/usbd_conf.o
                0x0000000008007794                HAL_PCD_DataOutStageCallback
 .text.HAL_PCD_DataInStageCallback
                0x00000000080077ca       0x34 ./USB_DEVICE/Target/usbd_conf.o
                0x00000000080077ca                HAL_PCD_DataInStageCallback
 .text.HAL_PCD_SOFCallback
                0x00000000080077fe       0x1c ./USB_DEVICE/Target/usbd_conf.o
                0x00000000080077fe                HAL_PCD_SOFCallback
 .text.HAL_PCD_ResetCallback
                0x000000000800781a       0x50 ./USB_DEVICE/Target/usbd_conf.o
                0x000000000800781a                HAL_PCD_ResetCallback
 *fill*         0x000000000800786a        0x2 
 .text.HAL_PCD_SuspendCallback
                0x000000000800786c       0x4c ./USB_DEVICE/Target/usbd_conf.o
                0x000000000800786c                HAL_PCD_SuspendCallback
 .text.HAL_PCD_ResumeCallback
                0x00000000080078b8       0x1c ./USB_DEVICE/Target/usbd_conf.o
                0x00000000080078b8                HAL_PCD_ResumeCallback
 .text.HAL_PCD_ISOOUTIncompleteCallback
                0x00000000080078d4       0x24 ./USB_DEVICE/Target/usbd_conf.o
                0x00000000080078d4                HAL_PCD_ISOOUTIncompleteCallback
 .text.HAL_PCD_ISOINIncompleteCallback
                0x00000000080078f8       0x24 ./USB_DEVICE/Target/usbd_conf.o
                0x00000000080078f8                HAL_PCD_ISOINIncompleteCallback
 .text.HAL_PCD_ConnectCallback
                0x000000000800791c       0x1c ./USB_DEVICE/Target/usbd_conf.o
                0x000000000800791c                HAL_PCD_ConnectCallback
 .text.HAL_PCD_DisconnectCallback
                0x0000000008007938       0x1c ./USB_DEVICE/Target/usbd_conf.o
                0x0000000008007938                HAL_PCD_DisconnectCallback
 .text.USBD_LL_Init
                0x0000000008007954       0x98 ./USB_DEVICE/Target/usbd_conf.o
                0x0000000008007954                USBD_LL_Init
 .text.USBD_LL_Start
                0x00000000080079ec       0x36 ./USB_DEVICE/Target/usbd_conf.o
                0x00000000080079ec                USBD_LL_Start
 .text.USBD_LL_OpenEP
                0x0000000008007a22       0x4c ./USB_DEVICE/Target/usbd_conf.o
                0x0000000008007a22                USBD_LL_OpenEP
 .text.USBD_LL_CloseEP
                0x0000000008007a6e       0x3e ./USB_DEVICE/Target/usbd_conf.o
                0x0000000008007a6e                USBD_LL_CloseEP
 .text.USBD_LL_StallEP
                0x0000000008007aac       0x3e ./USB_DEVICE/Target/usbd_conf.o
                0x0000000008007aac                USBD_LL_StallEP
 .text.USBD_LL_ClearStallEP
                0x0000000008007aea       0x3e ./USB_DEVICE/Target/usbd_conf.o
                0x0000000008007aea                USBD_LL_ClearStallEP
 .text.USBD_LL_IsStallEP
                0x0000000008007b28       0x58 ./USB_DEVICE/Target/usbd_conf.o
                0x0000000008007b28                USBD_LL_IsStallEP
 .text.USBD_LL_SetUSBAddress
                0x0000000008007b80       0x3e ./USB_DEVICE/Target/usbd_conf.o
                0x0000000008007b80                USBD_LL_SetUSBAddress
 .text.USBD_LL_Transmit
                0x0000000008007bbe       0x42 ./USB_DEVICE/Target/usbd_conf.o
                0x0000000008007bbe                USBD_LL_Transmit
 .text.USBD_LL_PrepareReceive
                0x0000000008007c00       0x42 ./USB_DEVICE/Target/usbd_conf.o
                0x0000000008007c00                USBD_LL_PrepareReceive
 *fill*         0x0000000008007c42        0x2 
 .text.HAL_PCDEx_LPM_Callback
                0x0000000008007c44       0x9c ./USB_DEVICE/Target/usbd_conf.o
                0x0000000008007c44                HAL_PCDEx_LPM_Callback
 .text.USBD_static_malloc
                0x0000000008007ce0       0x1c ./USB_DEVICE/Target/usbd_conf.o
                0x0000000008007ce0                USBD_static_malloc
 .text.USBD_static_free
                0x0000000008007cfc       0x14 ./USB_DEVICE/Target/usbd_conf.o
                0x0000000008007cfc                USBD_static_free
 .text.USBD_Get_USB_Status
                0x0000000008007d10       0x58 ./USB_DEVICE/Target/usbd_conf.o
                0x0000000008007d10                USBD_Get_USB_Status
 .text.memset   0x0000000008007d68       0x10 D:/ST/STM32CubeIDE_1.13.2/STM32CubeIDE/plugins/com.st.stm32cube.ide.mcu.externaltools.gnu-tools-for-stm32.11.3.rel1.win32_1.1.1.202309131626/tools/bin/../lib/gcc/arm-none-eabi/11.3.1/../../../../arm-none-eabi/lib/thumb/v7e-m+fp/hard\libc_nano.a(libc_a-memset.o)
                0x0000000008007d68                memset
 .text.__libc_init_array
                0x0000000008007d78       0x48 D:/ST/STM32CubeIDE_1.13.2/STM32CubeIDE/plugins/com.st.stm32cube.ide.mcu.externaltools.gnu-tools-for-stm32.11.3.rel1.win32_1.1.1.202309131626/tools/bin/../lib/gcc/arm-none-eabi/11.3.1/../../../../arm-none-eabi/lib/thumb/v7e-m+fp/hard\libc_nano.a(libc_a-init.o)
                0x0000000008007d78                __libc_init_array
 *(.glue_7)
 .glue_7        0x0000000008007dc0        0x0 linker stubs
 *(.glue_7t)
 .glue_7t       0x0000000008007dc0        0x0 linker stubs
 *(.eh_frame)
 .eh_frame      0x0000000008007dc0        0x0 D:/ST/STM32CubeIDE_1.13.2/STM32CubeIDE/plugins/com.st.stm32cube.ide.mcu.externaltools.gnu-tools-for-stm32.11.3.rel1.win32_1.1.1.202309131626/tools/bin/../lib/gcc/arm-none-eabi/11.3.1/thumb/v7e-m+fp/hard/crtbegin.o
 *(.init)
 .init          0x0000000008007dc0        0x4 D:/ST/STM32CubeIDE_1.13.2/STM32CubeIDE/plugins/com.st.stm32cube.ide.mcu.externaltools.gnu-tools-for-stm32.11.3.rel1.win32_1.1.1.202309131626/tools/bin/../lib/gcc/arm-none-eabi/11.3.1/thumb/v7e-m+fp/hard/crti.o
                0x0000000008007dc0                _init
 .init          0x0000000008007dc4        0x8 D:/ST/STM32CubeIDE_1.13.2/STM32CubeIDE/plugins/com.st.stm32cube.ide.mcu.externaltools.gnu-tools-for-stm32.11.3.rel1.win32_1.1.1.202309131626/tools/bin/../lib/gcc/arm-none-eabi/11.3.1/thumb/v7e-m+fp/hard/crtn.o
 *(.fini)
 .fini          0x0000000008007dcc        0x4 D:/ST/STM32CubeIDE_1.13.2/STM32CubeIDE/plugins/com.st.stm32cube.ide.mcu.externaltools.gnu-tools-for-stm32.11.3.rel1.win32_1.1.1.202309131626/tools/bin/../lib/gcc/arm-none-eabi/11.3.1/thumb/v7e-m+fp/hard/crti.o
                0x0000000008007dcc                _fini
 .fini          0x0000000008007dd0        0x8 D:/ST/STM32CubeIDE_1.13.2/STM32CubeIDE/plugins/com.st.stm32cube.ide.mcu.externaltools.gnu-tools-for-stm32.11.3.rel1.win32_1.1.1.202309131626/tools/bin/../lib/gcc/arm-none-eabi/11.3.1/thumb/v7e-m+fp/hard/crtn.o
                0x0000000008007dd8                . = ALIGN (0x4)
                0x0000000008007dd8                _etext = .

.vfp11_veneer   0x0000000008007dd8        0x0
 .vfp11_veneer  0x0000000008007dd8        0x0 linker stubs

.v4_bx          0x0000000008007dd8        0x0
 .v4_bx         0x0000000008007dd8        0x0 linker stubs

.iplt           0x0000000008007dd8        0x0
 .iplt          0x0000000008007dd8        0x0 D:/ST/STM32CubeIDE_1.13.2/STM32CubeIDE/plugins/com.st.stm32cube.ide.mcu.externaltools.gnu-tools-for-stm32.11.3.rel1.win32_1.1.1.202309131626/tools/bin/../lib/gcc/arm-none-eabi/11.3.1/thumb/v7e-m+fp/hard/crtbegin.o

.rodata         0x0000000008007dd8       0x58
                0x0000000008007dd8                . = ALIGN (0x4)
 *(.rodata)
 .rodata        0x0000000008007dd8       0x46 ./USB_DEVICE/App/usbd_desc.o
 *(.rodata*)
 *fill*         0x0000000008007e1e        0x2 
 .rodata.AHBPrescTable
                0x0000000008007e20       0x10 ./Core/Src/system_stm32f4xx.o
                0x0000000008007e20                AHBPrescTable
                0x0000000008007e30                . = ALIGN (0x4)

.ARM.extab      0x0000000008007e30        0x0
                0x0000000008007e30                . = ALIGN (0x4)
 *(.ARM.extab* .gnu.linkonce.armextab.*)
                0x0000000008007e30                . = ALIGN (0x4)

.ARM            0x0000000008007e30        0x8
                0x0000000008007e30                . = ALIGN (0x4)
                0x0000000008007e30                __exidx_start = .
 *(.ARM.exidx*)
 .ARM.exidx     0x0000000008007e30        0x8 D:/ST/STM32CubeIDE_1.13.2/STM32CubeIDE/plugins/com.st.stm32cube.ide.mcu.externaltools.gnu-tools-for-stm32.11.3.rel1.win32_1.1.1.202309131626/tools/bin/../lib/gcc/arm-none-eabi/11.3.1/thumb/v7e-m+fp/hard\libgcc.a(_udivmoddi4.o)
                0x0000000008007e38                __exidx_end = .
                0x0000000008007e38                . = ALIGN (0x4)

.rel.dyn        0x0000000008007e38        0x0
 .rel.iplt      0x0000000008007e38        0x0 D:/ST/STM32CubeIDE_1.13.2/STM32CubeIDE/plugins/com.st.stm32cube.ide.mcu.externaltools.gnu-tools-for-stm32.11.3.rel1.win32_1.1.1.202309131626/tools/bin/../lib/gcc/arm-none-eabi/11.3.1/thumb/v7e-m+fp/hard/crtbegin.o

.preinit_array  0x0000000008007e38        0x0
                0x0000000008007e38                . = ALIGN (0x4)
                0x0000000008007e38                PROVIDE (__preinit_array_start = .)
 *(.preinit_array*)
                0x0000000008007e38                PROVIDE (__preinit_array_end = .)
                0x0000000008007e38                . = ALIGN (0x4)

.init_array     0x0000000008007e38        0x4
                0x0000000008007e38                . = ALIGN (0x4)
                0x0000000008007e38                PROVIDE (__init_array_start = .)
 *(SORT_BY_NAME(.init_array.*))
 *(.init_array*)
 .init_array    0x0000000008007e38        0x4 D:/ST/STM32CubeIDE_1.13.2/STM32CubeIDE/plugins/com.st.stm32cube.ide.mcu.externaltools.gnu-tools-for-stm32.11.3.rel1.win32_1.1.1.202309131626/tools/bin/../lib/gcc/arm-none-eabi/11.3.1/thumb/v7e-m+fp/hard/crtbegin.o
                0x0000000008007e3c                PROVIDE (__init_array_end = .)
                0x0000000008007e3c                . = ALIGN (0x4)

.fini_array     0x0000000008007e3c        0x4
                0x0000000008007e3c                . = ALIGN (0x4)
                [!provide]                        PROVIDE (__fini_array_start = .)
 *(SORT_BY_NAME(.fini_array.*))
 *(.fini_array*)
 .fini_array    0x0000000008007e3c        0x4 D:/ST/STM32CubeIDE_1.13.2/STM32CubeIDE/plugins/com.st.stm32cube.ide.mcu.externaltools.gnu-tools-for-stm32.11.3.rel1.win32_1.1.1.202309131626/tools/bin/../lib/gcc/arm-none-eabi/11.3.1/thumb/v7e-m+fp/hard/crtbegin.o
                [!provide]                        PROVIDE (__fini_array_end = .)
                0x0000000008007e40                . = ALIGN (0x4)
                0x0000000008007e40                _sidata = LOADADDR (.data)

.data           0x0000000020000000      0x12c load address 0x0000000008007e40
                0x0000000020000000                . = ALIGN (0x4)
                0x0000000020000000                _sdata = .
 *(.data)
 *(.data*)
 .data.SystemCoreClock
                0x0000000020000000        0x4 ./Core/Src/system_stm32f4xx.o
                0x0000000020000000                SystemCoreClock
 .data.uwTickPrio
                0x0000000020000004        0x4 ./Drivers/STM32F4xx_HAL_Driver/Src/stm32f4xx_hal.o
                0x0000000020000004                uwTickPrio
 .data.uwTickFreq
                0x0000000020000008        0x1 ./Drivers/STM32F4xx_HAL_Driver/Src/stm32f4xx_hal.o
                0x0000000020000008                uwTickFreq
 *fill*         0x0000000020000009        0x3 
 .data.USBD_HID
                0x000000002000000c       0x38 ./Middlewares/ST/STM32_USB_Device_Library/Class/HID/Src/usbd_hid.o
                0x000000002000000c                USBD_HID
 .data.USBD_HID_CfgDesc
                0x0000000020000044       0x22 ./Middlewares/ST/STM32_USB_Device_Library/Class/HID/Src/usbd_hid.o
 *fill*         0x0000000020000066        0x2 
 .data.USBD_HID_Desc
                0x0000000020000068        0x9 ./Middlewares/ST/STM32_USB_Device_Library/Class/HID/Src/usbd_hid.o
 *fill*         0x0000000020000071        0x3 
 .data.USBD_HID_DeviceQualifierDesc
                0x0000000020000074        0xa ./Middlewares/ST/STM32_USB_Device_Library/Class/HID/Src/usbd_hid.o
 *fill*         0x000000002000007e        0x2 
 .data.HID_MOUSE_ReportDesc
                0x0000000020000080       0x4a ./Middlewares/ST/STM32_USB_Device_Library/Class/HID/Src/usbd_hid.o
 .data.HIDInEpAdd
                0x00000000200000ca        0x1 ./Middlewares/ST/STM32_USB_Device_Library/Class/HID/Src/usbd_hid.o
 *fill*         0x00000000200000cb        0x1 
 .data.FS_Desc  0x00000000200000cc       0x20 ./USB_DEVICE/App/usbd_desc.o
                0x00000000200000cc                FS_Desc
 .data.USBD_FS_DeviceDesc
                0x00000000200000ec       0x12 ./USB_DEVICE/App/usbd_desc.o
                0x00000000200000ec                USBD_FS_DeviceDesc
 *fill*         0x00000000200000fe        0x2 
 .data.USBD_FS_BOSDesc
                0x0000000020000100        0xc ./USB_DEVICE/App/usbd_desc.o
                0x0000000020000100                USBD_FS_BOSDesc
 .data.USBD_LangIDDesc
                0x000000002000010c        0x4 ./USB_DEVICE/App/usbd_desc.o
                0x000000002000010c                USBD_LangIDDesc
 .data.USBD_StringSerial
                0x0000000020000110       0x1a ./USB_DEVICE/App/usbd_desc.o
                0x0000000020000110                USBD_StringSerial
 *(.RamFunc)
 *(.RamFunc*)
                0x000000002000012c                . = ALIGN (0x4)
 *fill*         0x000000002000012a        0x2 
                0x000000002000012c                _edata = .

.igot.plt       0x000000002000012c        0x0 load address 0x0000000008007f6c
 .igot.plt      0x000000002000012c        0x0 D:/ST/STM32CubeIDE_1.13.2/STM32CubeIDE/plugins/com.st.stm32cube.ide.mcu.externaltools.gnu-tools-for-stm32.11.3.rel1.win32_1.1.1.202309131626/tools/bin/../lib/gcc/arm-none-eabi/11.3.1/thumb/v7e-m+fp/hard/crtbegin.o
                0x000000002000012c                . = ALIGN (0x4)

.bss            0x000000002000012c      0xac0 load address 0x0000000008007f6c
                0x000000002000012c                _sbss = .
                0x000000002000012c                __bss_start__ = _sbss
 *(.bss)
 .bss           0x000000002000012c       0x1c D:/ST/STM32CubeIDE_1.13.2/STM32CubeIDE/plugins/com.st.stm32cube.ide.mcu.externaltools.gnu-tools-for-stm32.11.3.rel1.win32_1.1.1.202309131626/tools/bin/../lib/gcc/arm-none-eabi/11.3.1/thumb/v7e-m+fp/hard/crtbegin.o
 *(.bss*)
 .bss.hspi1     0x0000000020000148       0x58 ./Core/Src/main.o
                0x0000000020000148                hspi1
 .bss.htim2     0x00000000200001a0       0x48 ./Core/Src/main.o
                0x00000000200001a0                htim2
 .bss.uwTick    0x00000000200001e8        0x4 ./Drivers/STM32F4xx_HAL_Driver/Src/stm32f4xx_hal.o
                0x00000000200001e8                uwTick
 .bss.cfgidx.0  0x00000000200001ec        0x1 ./Middlewares/ST/STM32_USB_Device_Library/Core/Src/usbd_ctlreq.o
 *fill*         0x00000000200001ed        0x3 
 .bss.hUsbDeviceFS
                0x00000000200001f0      0x2dc ./USB_DEVICE/App/usb_device.o
                0x00000000200001f0                hUsbDeviceFS
 .bss.USBD_StrDesc
                0x00000000200004cc      0x200 ./USB_DEVICE/App/usbd_desc.o
                0x00000000200004cc                USBD_StrDesc
 .bss.hpcd_USB_OTG_FS
                0x00000000200006cc      0x50c ./USB_DEVICE/Target/usbd_conf.o
                0x00000000200006cc                hpcd_USB_OTG_FS
 .bss.mem.0     0x0000000020000bd8       0x14 ./USB_DEVICE/Target/usbd_conf.o
 *(COMMON)
                0x0000000020000bec                . = ALIGN (0x4)
                0x0000000020000bec                _ebss = .
                0x0000000020000bec                __bss_end__ = _ebss

._user_heap_stack
                0x0000000020000bec      0x604 load address 0x0000000008007f6c
                0x0000000020000bf0                . = ALIGN (0x8)
 *fill*         0x0000000020000bec        0x4 
                [!provide]                        PROVIDE (end = .)
                0x0000000020000bf0                PROVIDE (_end = .)
                0x0000000020000df0                . = (. + _Min_Heap_Size)
 *fill*         0x0000000020000bf0      0x200 
                0x00000000200011f0                . = (. + _Min_Stack_Size)
 *fill*         0x0000000020000df0      0x400 
                0x00000000200011f0                . = ALIGN (0x8)

/DISCARD/
 libc.a(*)
 libm.a(*)
 libgcc.a(*)

.ARM.attributes
                0x0000000000000000       0x30
 *(.ARM.attributes)
 .ARM.attributes
                0x0000000000000000       0x1e D:/ST/STM32CubeIDE_1.13.2/STM32CubeIDE/plugins/com.st.stm32cube.ide.mcu.externaltools.gnu-tools-for-stm32.11.3.rel1.win32_1.1.1.202309131626/tools/bin/../lib/gcc/arm-none-eabi/11.3.1/thumb/v7e-m+fp/hard/crti.o
 .ARM.attributes
                0x000000000000001e       0x34 D:/ST/STM32CubeIDE_1.13.2/STM32CubeIDE/plugins/com.st.stm32cube.ide.mcu.externaltools.gnu-tools-for-stm32.11.3.rel1.win32_1.1.1.202309131626/tools/bin/../lib/gcc/arm-none-eabi/11.3.1/thumb/v7e-m+fp/hard/crtbegin.o
 .ARM.attributes
                0x0000000000000052       0x34 ./Core/Src/main.o
 .ARM.attributes
                0x0000000000000086       0x34 ./Core/Src/stm32f4xx_hal_msp.o
 .ARM.attributes
                0x00000000000000ba       0x34 ./Core/Src/stm32f4xx_it.o
 .ARM.attributes
                0x00000000000000ee       0x34 ./Core/Src/system_stm32f4xx.o
 .ARM.attributes
                0x0000000000000122       0x21 ./Core/Startup/startup_stm32f446retx.o
 .ARM.attributes
                0x0000000000000143       0x34 ./Drivers/STM32F4xx_HAL_Driver/Src/stm32f4xx_hal.o
 .ARM.attributes
                0x0000000000000177       0x34 ./Drivers/STM32F4xx_HAL_Driver/Src/stm32f4xx_hal_cortex.o
 .ARM.attributes
                0x00000000000001ab       0x34 ./Drivers/STM32F4xx_HAL_Driver/Src/stm32f4xx_hal_gpio.o
 .ARM.attributes
                0x00000000000001df       0x34 ./Drivers/STM32F4xx_HAL_Driver/Src/stm32f4xx_hal_pcd.o
 .ARM.attributes
                0x0000000000000213       0x34 ./Drivers/STM32F4xx_HAL_Driver/Src/stm32f4xx_hal_pcd_ex.o
 .ARM.attributes
                0x0000000000000247       0x34 ./Drivers/STM32F4xx_HAL_Driver/Src/stm32f4xx_hal_pwr_ex.o
 .ARM.attributes
                0x000000000000027b       0x34 ./Drivers/STM32F4xx_HAL_Driver/Src/stm32f4xx_hal_rcc.o
 .ARM.attributes
                0x00000000000002af       0x34 ./Drivers/STM32F4xx_HAL_Driver/Src/stm32f4xx_hal_rcc_ex.o
 .ARM.attributes
                0x00000000000002e3       0x34 ./Drivers/STM32F4xx_HAL_Driver/Src/stm32f4xx_hal_spi.o
 .ARM.attributes
                0x0000000000000317       0x34 ./Drivers/STM32F4xx_HAL_Driver/Src/stm32f4xx_hal_tim.o
 .ARM.attributes
                0x000000000000034b       0x34 ./Drivers/STM32F4xx_HAL_Driver/Src/stm32f4xx_hal_tim_ex.o
 .ARM.attributes
                0x000000000000037f       0x34 ./Drivers/STM32F4xx_HAL_Driver/Src/stm32f4xx_ll_usb.o
 .ARM.attributes
                0x00000000000003b3       0x34 ./Middlewares/ST/STM32_USB_Device_Library/Class/HID/Src/usbd_hid.o
 .ARM.attributes
                0x00000000000003e7       0x34 ./Middlewares/ST/STM32_USB_Device_Library/Core/Src/usbd_core.o
 .ARM.attributes
                0x000000000000041b       0x34 ./Middlewares/ST/STM32_USB_Device_Library/Core/Src/usbd_ctlreq.o
 .ARM.attributes
                0x000000000000044f       0x34 ./Middlewares/ST/STM32_USB_Device_Library/Core/Src/usbd_ioreq.o
 .ARM.attributes
                0x0000000000000483       0x34 ./USB_DEVICE/App/usb_device.o
 .ARM.attributes
                0x00000000000004b7       0x34 ./USB_DEVICE/App/usbd_desc.o
 .ARM.attributes
                0x00000000000004eb       0x34 ./USB_DEVICE/Target/usbd_conf.o
 .ARM.attributes
                0x000000000000051f       0x34 D:/ST/STM32CubeIDE_1.13.2/STM32CubeIDE/plugins/com.st.stm32cube.ide.mcu.externaltools.gnu-tools-for-stm32.11.3.rel1.win32_1.1.1.202309131626/tools/bin/../lib/gcc/arm-none-eabi/11.3.1/../../../../arm-none-eabi/lib/thumb/v7e-m+fp/hard\libc_nano.a(libc_a-memset.o)
 .ARM.attributes
                0x0000000000000553       0x34 D:/ST/STM32CubeIDE_1.13.2/STM32CubeIDE/plugins/com.st.stm32cube.ide.mcu.externaltools.gnu-tools-for-stm32.11.3.rel1.win32_1.1.1.202309131626/tools/bin/../lib/gcc/arm-none-eabi/11.3.1/../../../../arm-none-eabi/lib/thumb/v7e-m+fp/hard\libc_nano.a(libc_a-init.o)
 .ARM.attributes
                0x0000000000000587       0x1e D:/ST/STM32CubeIDE_1.13.2/STM32CubeIDE/plugins/com.st.stm32cube.ide.mcu.externaltools.gnu-tools-for-stm32.11.3.rel1.win32_1.1.1.202309131626/tools/bin/../lib/gcc/arm-none-eabi/11.3.1/thumb/v7e-m+fp/hard\libgcc.a(_aeabi_uldivmod.o)
 .ARM.attributes
                0x00000000000005a5       0x34 D:/ST/STM32CubeIDE_1.13.2/STM32CubeIDE/plugins/com.st.stm32cube.ide.mcu.externaltools.gnu-tools-for-stm32.11.3.rel1.win32_1.1.1.202309131626/tools/bin/../lib/gcc/arm-none-eabi/11.3.1/thumb/v7e-m+fp/hard\libgcc.a(_udivmoddi4.o)
 .ARM.attributes
                0x00000000000005d9       0x1e D:/ST/STM32CubeIDE_1.13.2/STM32CubeIDE/plugins/com.st.stm32cube.ide.mcu.externaltools.gnu-tools-for-stm32.11.3.rel1.win32_1.1.1.202309131626/tools/bin/../lib/gcc/arm-none-eabi/11.3.1/thumb/v7e-m+fp/hard\libgcc.a(_dvmd_tls.o)
 .ARM.attributes
                0x00000000000005f7       0x1e D:/ST/STM32CubeIDE_1.13.2/STM32CubeIDE/plugins/com.st.stm32cube.ide.mcu.externaltools.gnu-tools-for-stm32.11.3.rel1.win32_1.1.1.202309131626/tools/bin/../lib/gcc/arm-none-eabi/11.3.1/thumb/v7e-m+fp/hard/crtn.o
OUTPUT(CheapdeckForReal.elf elf32-littlearm)
LOAD linker stubs
LOAD D:/ST/STM32CubeIDE_1.13.2/STM32CubeIDE/plugins/com.st.stm32cube.ide.mcu.externaltools.gnu-tools-for-stm32.11.3.rel1.win32_1.1.1.202309131626/tools/bin/../lib/gcc/arm-none-eabi/11.3.1/../../../../arm-none-eabi/lib/thumb/v7e-m+fp/hard\libc.a
LOAD D:/ST/STM32CubeIDE_1.13.2/STM32CubeIDE/plugins/com.st.stm32cube.ide.mcu.externaltools.gnu-tools-for-stm32.11.3.rel1.win32_1.1.1.202309131626/tools/bin/../lib/gcc/arm-none-eabi/11.3.1/../../../../arm-none-eabi/lib/thumb/v7e-m+fp/hard\libm.a
LOAD D:/ST/STM32CubeIDE_1.13.2/STM32CubeIDE/plugins/com.st.stm32cube.ide.mcu.externaltools.gnu-tools-for-stm32.11.3.rel1.win32_1.1.1.202309131626/tools/bin/../lib/gcc/arm-none-eabi/11.3.1/thumb/v7e-m+fp/hard\libgcc.a

.comment        0x0000000000000000       0x43
 .comment       0x0000000000000000       0x43 D:/ST/STM32CubeIDE_1.13.2/STM32CubeIDE/plugins/com.st.stm32cube.ide.mcu.externaltools.gnu-tools-for-stm32.11.3.rel1.win32_1.1.1.202309131626/tools/bin/../lib/gcc/arm-none-eabi/11.3.1/thumb/v7e-m+fp/hard/crtbegin.o
                                         0x44 (size before relaxing)
 .comment       0x0000000000000043       0x44 ./Core/Src/main.o
 .comment       0x0000000000000043       0x44 ./Core/Src/stm32f4xx_hal_msp.o
 .comment       0x0000000000000043       0x44 ./Core/Src/stm32f4xx_it.o
 .comment       0x0000000000000043       0x44 ./Core/Src/system_stm32f4xx.o
 .comment       0x0000000000000043       0x44 ./Drivers/STM32F4xx_HAL_Driver/Src/stm32f4xx_hal.o
 .comment       0x0000000000000043       0x44 ./Drivers/STM32F4xx_HAL_Driver/Src/stm32f4xx_hal_cortex.o
 .comment       0x0000000000000043       0x44 ./Drivers/STM32F4xx_HAL_Driver/Src/stm32f4xx_hal_gpio.o
 .comment       0x0000000000000043       0x44 ./Drivers/STM32F4xx_HAL_Driver/Src/stm32f4xx_hal_pcd.o
 .comment       0x0000000000000043       0x44 ./Drivers/STM32F4xx_HAL_Driver/Src/stm32f4xx_hal_pcd_ex.o
 .comment       0x0000000000000043       0x44 ./Drivers/STM32F4xx_HAL_Driver/Src/stm32f4xx_hal_pwr_ex.o
 .comment       0x0000000000000043       0x44 ./Drivers/STM32F4xx_HAL_Driver/Src/stm32f4xx_hal_rcc.o
 .comment       0x0000000000000043       0x44 ./Drivers/STM32F4xx_HAL_Driver/Src/stm32f4xx_hal_rcc_ex.o
 .comment       0x0000000000000043       0x44 ./Drivers/STM32F4xx_HAL_Driver/Src/stm32f4xx_hal_spi.o
 .comment       0x0000000000000043       0x44 ./Drivers/STM32F4xx_HAL_Driver/Src/stm32f4xx_hal_tim.o
 .comment       0x0000000000000043       0x44 ./Drivers/STM32F4xx_HAL_Driver/Src/stm32f4xx_hal_tim_ex.o
 .comment       0x0000000000000043       0x44 ./Drivers/STM32F4xx_HAL_Driver/Src/stm32f4xx_ll_usb.o
 .comment       0x0000000000000043       0x44 ./Middlewares/ST/STM32_USB_Device_Library/Class/HID/Src/usbd_hid.o
 .comment       0x0000000000000043       0x44 ./Middlewares/ST/STM32_USB_Device_Library/Core/Src/usbd_core.o
 .comment       0x0000000000000043       0x44 ./Middlewares/ST/STM32_USB_Device_Library/Core/Src/usbd_ctlreq.o
 .comment       0x0000000000000043       0x44 ./Middlewares/ST/STM32_USB_Device_Library/Core/Src/usbd_ioreq.o
 .comment       0x0000000000000043       0x44 ./USB_DEVICE/App/usb_device.o
 .comment       0x0000000000000043       0x44 ./USB_DEVICE/App/usbd_desc.o
 .comment       0x0000000000000043       0x44 ./USB_DEVICE/Target/usbd_conf.o

.debug_info     0x0000000000000000    0x1409f
 .debug_info    0x0000000000000000     0x10e1 ./Core/Src/main.o
 .debug_info    0x00000000000010e1      0xd65 ./Core/Src/stm32f4xx_hal_msp.o
 .debug_info    0x0000000000001e46      0x66d ./Core/Src/stm32f4xx_it.o
 .debug_info    0x00000000000024b3      0x54a ./Core/Src/system_stm32f4xx.o
 .debug_info    0x00000000000029fd       0x23 ./Core/Startup/startup_stm32f446retx.o
 .debug_info    0x0000000000002a20      0x99e ./Drivers/STM32F4xx_HAL_Driver/Src/stm32f4xx_hal.o
 .debug_info    0x00000000000033be      0xd64 ./Drivers/STM32F4xx_HAL_Driver/Src/stm32f4xx_hal_cortex.o
 .debug_info    0x0000000000004122      0x70b ./Drivers/STM32F4xx_HAL_Driver/Src/stm32f4xx_hal_gpio.o
 .debug_info    0x000000000000482d     0x15b5 ./Drivers/STM32F4xx_HAL_Driver/Src/stm32f4xx_hal_pcd.o
 .debug_info    0x0000000000005de2      0x79c ./Drivers/STM32F4xx_HAL_Driver/Src/stm32f4xx_hal_pcd_ex.o
 .debug_info    0x000000000000657e      0x6da ./Drivers/STM32F4xx_HAL_Driver/Src/stm32f4xx_hal_pwr_ex.o
 .debug_info    0x0000000000006c58      0x8ed ./Drivers/STM32F4xx_HAL_Driver/Src/stm32f4xx_hal_rcc.o
 .debug_info    0x0000000000007545      0x956 ./Drivers/STM32F4xx_HAL_Driver/Src/stm32f4xx_hal_rcc_ex.o
 .debug_info    0x0000000000007e9b     0x15fb ./Drivers/STM32F4xx_HAL_Driver/Src/stm32f4xx_hal_spi.o
 .debug_info    0x0000000000009496     0x2948 ./Drivers/STM32F4xx_HAL_Driver/Src/stm32f4xx_hal_tim.o
 .debug_info    0x000000000000bdde     0x14ae ./Drivers/STM32F4xx_HAL_Driver/Src/stm32f4xx_hal_tim_ex.o
 .debug_info    0x000000000000d28c     0x1954 ./Drivers/STM32F4xx_HAL_Driver/Src/stm32f4xx_ll_usb.o
 .debug_info    0x000000000000ebe0      0xa91 ./Middlewares/ST/STM32_USB_Device_Library/Class/HID/Src/usbd_hid.o
 .debug_info    0x000000000000f671      0xe12 ./Middlewares/ST/STM32_USB_Device_Library/Core/Src/usbd_core.o
 .debug_info    0x0000000000010483      0xaeb ./Middlewares/ST/STM32_USB_Device_Library/Core/Src/usbd_ctlreq.o
 .debug_info    0x0000000000010f6e      0x762 ./Middlewares/ST/STM32_USB_Device_Library/Core/Src/usbd_ioreq.o
 .debug_info    0x00000000000116d0      0x5fc ./USB_DEVICE/App/usb_device.o
 .debug_info    0x0000000000011ccc      0x4ba ./USB_DEVICE/App/usbd_desc.o
 .debug_info    0x0000000000012186     0x1f19 ./USB_DEVICE/Target/usbd_conf.o

.debug_abbrev   0x0000000000000000     0x3391
 .debug_abbrev  0x0000000000000000      0x292 ./Core/Src/main.o
 .debug_abbrev  0x0000000000000292      0x1d6 ./Core/Src/stm32f4xx_hal_msp.o
 .debug_abbrev  0x0000000000000468      0x1a4 ./Core/Src/stm32f4xx_it.o
 .debug_abbrev  0x000000000000060c      0x11a ./Core/Src/system_stm32f4xx.o
 .debug_abbrev  0x0000000000000726       0x12 ./Core/Startup/startup_stm32f446retx.o
 .debug_abbrev  0x0000000000000738      0x213 ./Drivers/STM32F4xx_HAL_Driver/Src/stm32f4xx_hal.o
 .debug_abbrev  0x000000000000094b      0x327 ./Drivers/STM32F4xx_HAL_Driver/Src/stm32f4xx_hal_cortex.o
 .debug_abbrev  0x0000000000000c72      0x1d4 ./Drivers/STM32F4xx_HAL_Driver/Src/stm32f4xx_hal_gpio.o
 .debug_abbrev  0x0000000000000e46      0x2e7 ./Drivers/STM32F4xx_HAL_Driver/Src/stm32f4xx_hal_pcd.o
 .debug_abbrev  0x000000000000112d      0x1dd ./Drivers/STM32F4xx_HAL_Driver/Src/stm32f4xx_hal_pcd_ex.o
 .debug_abbrev  0x000000000000130a      0x1cf ./Drivers/STM32F4xx_HAL_Driver/Src/stm32f4xx_hal_pwr_ex.o
 .debug_abbrev  0x00000000000014d9      0x2b6 ./Drivers/STM32F4xx_HAL_Driver/Src/stm32f4xx_hal_rcc.o
 .debug_abbrev  0x000000000000178f      0x20a ./Drivers/STM32F4xx_HAL_Driver/Src/stm32f4xx_hal_rcc_ex.o
 .debug_abbrev  0x0000000000001999      0x284 ./Drivers/STM32F4xx_HAL_Driver/Src/stm32f4xx_hal_spi.o
 .debug_abbrev  0x0000000000001c1d      0x271 ./Drivers/STM32F4xx_HAL_Driver/Src/stm32f4xx_hal_tim.o
 .debug_abbrev  0x0000000000001e8e      0x27c ./Drivers/STM32F4xx_HAL_Driver/Src/stm32f4xx_hal_tim_ex.o
 .debug_abbrev  0x000000000000210a      0x2ac ./Drivers/STM32F4xx_HAL_Driver/Src/stm32f4xx_ll_usb.o
 .debug_abbrev  0x00000000000023b6      0x2a2 ./Middlewares/ST/STM32_USB_Device_Library/Class/HID/Src/usbd_hid.o
 .debug_abbrev  0x0000000000002658      0x27c ./Middlewares/ST/STM32_USB_Device_Library/Core/Src/usbd_core.o
 .debug_abbrev  0x00000000000028d4      0x26f ./Middlewares/ST/STM32_USB_Device_Library/Core/Src/usbd_ctlreq.o
 .debug_abbrev  0x0000000000002b43      0x19a ./Middlewares/ST/STM32_USB_Device_Library/Core/Src/usbd_ioreq.o
 .debug_abbrev  0x0000000000002cdd      0x190 ./USB_DEVICE/App/usb_device.o
 .debug_abbrev  0x0000000000002e6d      0x1e3 ./USB_DEVICE/App/usbd_desc.o
 .debug_abbrev  0x0000000000003050      0x341 ./USB_DEVICE/Target/usbd_conf.o

.debug_aranges  0x0000000000000000     0x1300
 .debug_aranges
                0x0000000000000000       0x48 ./Core/Src/main.o
 .debug_aranges
                0x0000000000000048       0x48 ./Core/Src/stm32f4xx_hal_msp.o
 .debug_aranges
                0x0000000000000090       0x68 ./Core/Src/stm32f4xx_it.o
 .debug_aranges
                0x00000000000000f8       0x28 ./Core/Src/system_stm32f4xx.o
 .debug_aranges
                0x0000000000000120       0x28 ./Core/Startup/startup_stm32f446retx.o
 .debug_aranges
                0x0000000000000148       0xf0 ./Drivers/STM32F4xx_HAL_Driver/Src/stm32f4xx_hal.o
 .debug_aranges
                0x0000000000000238      0x118 ./Drivers/STM32F4xx_HAL_Driver/Src/stm32f4xx_hal_cortex.o
 .debug_aranges
                0x0000000000000350       0x58 ./Drivers/STM32F4xx_HAL_Driver/Src/stm32f4xx_hal_gpio.o
 .debug_aranges
                0x00000000000003a8      0x148 ./Drivers/STM32F4xx_HAL_Driver/Src/stm32f4xx_hal_pcd.o
 .debug_aranges
                0x00000000000004f0       0x48 ./Drivers/STM32F4xx_HAL_Driver/Src/stm32f4xx_hal_pcd_ex.o
 .debug_aranges
                0x0000000000000538       0x60 ./Drivers/STM32F4xx_HAL_Driver/Src/stm32f4xx_hal_pwr_ex.o
 .debug_aranges
                0x0000000000000598       0x88 ./Drivers/STM32F4xx_HAL_Driver/Src/stm32f4xx_hal_rcc.o
 .debug_aranges
                0x0000000000000620       0x78 ./Drivers/STM32F4xx_HAL_Driver/Src/stm32f4xx_hal_rcc_ex.o
 .debug_aranges
                0x0000000000000698      0x1d0 ./Drivers/STM32F4xx_HAL_Driver/Src/stm32f4xx_hal_spi.o
 .debug_aranges
                0x0000000000000868      0x3d0 ./Drivers/STM32F4xx_HAL_Driver/Src/stm32f4xx_hal_tim.o
 .debug_aranges
                0x0000000000000c38      0x168 ./Drivers/STM32F4xx_HAL_Driver/Src/stm32f4xx_hal_tim_ex.o
 .debug_aranges
                0x0000000000000da0      0x1a0 ./Drivers/STM32F4xx_HAL_Driver/Src/stm32f4xx_ll_usb.o
 .debug_aranges
                0x0000000000000f40       0x68 ./Middlewares/ST/STM32_USB_Device_Library/Class/HID/Src/usbd_hid.o
 .debug_aranges
                0x0000000000000fa8       0xd8 ./Middlewares/ST/STM32_USB_Device_Library/Core/Src/usbd_core.o
 .debug_aranges
                0x0000000000001080       0x90 ./Middlewares/ST/STM32_USB_Device_Library/Core/Src/usbd_ctlreq.o
 .debug_aranges
                0x0000000000001110       0x50 ./Middlewares/ST/STM32_USB_Device_Library/Core/Src/usbd_ioreq.o
 .debug_aranges
                0x0000000000001160       0x20 ./USB_DEVICE/App/usb_device.o
 .debug_aranges
                0x0000000000001180       0x68 ./USB_DEVICE/App/usbd_desc.o
 .debug_aranges
                0x00000000000011e8      0x118 ./USB_DEVICE/Target/usbd_conf.o

.debug_rnglists
                0x0000000000000000      0xe8b
 .debug_rnglists
                0x0000000000000000       0x34 ./Core/Src/main.o
 .debug_rnglists
                0x0000000000000034       0x32 ./Core/Src/stm32f4xx_hal_msp.o
 .debug_rnglists
                0x0000000000000066       0x49 ./Core/Src/stm32f4xx_it.o
 .debug_rnglists
                0x00000000000000af       0x1a ./Core/Src/system_stm32f4xx.o
 .debug_rnglists
                0x00000000000000c9       0x19 ./Core/Startup/startup_stm32f446retx.o
 .debug_rnglists
                0x00000000000000e2       0xaf ./Drivers/STM32F4xx_HAL_Driver/Src/stm32f4xx_hal.o
 .debug_rnglists
                0x0000000000000191       0xce ./Drivers/STM32F4xx_HAL_Driver/Src/stm32f4xx_hal_cortex.o
 .debug_rnglists
                0x000000000000025f       0x3f ./Drivers/STM32F4xx_HAL_Driver/Src/stm32f4xx_hal_gpio.o
 .debug_rnglists
                0x000000000000029e       0xfc ./Drivers/STM32F4xx_HAL_Driver/Src/stm32f4xx_hal_pcd.o
 .debug_rnglists
                0x000000000000039a       0x32 ./Drivers/STM32F4xx_HAL_Driver/Src/stm32f4xx_hal_pcd_ex.o
 .debug_rnglists
                0x00000000000003cc       0x47 ./Drivers/STM32F4xx_HAL_Driver/Src/stm32f4xx_hal_pwr_ex.o
 .debug_rnglists
                0x0000000000000413       0x66 ./Drivers/STM32F4xx_HAL_Driver/Src/stm32f4xx_hal_rcc.o
 .debug_rnglists
                0x0000000000000479       0x5e ./Drivers/STM32F4xx_HAL_Driver/Src/stm32f4xx_hal_rcc_ex.o
 .debug_rnglists
                0x00000000000004d7      0x16f ./Drivers/STM32F4xx_HAL_Driver/Src/stm32f4xx_hal_spi.o
 .debug_rnglists
                0x0000000000000646      0x31a ./Drivers/STM32F4xx_HAL_Driver/Src/stm32f4xx_hal_tim.o
 .debug_rnglists
                0x0000000000000960      0x125 ./Drivers/STM32F4xx_HAL_Driver/Src/stm32f4xx_hal_tim_ex.o
 .debug_rnglists
                0x0000000000000a85      0x148 ./Drivers/STM32F4xx_HAL_Driver/Src/stm32f4xx_ll_usb.o
 .debug_rnglists
                0x0000000000000bcd       0x4c ./Middlewares/ST/STM32_USB_Device_Library/Class/HID/Src/usbd_hid.o
 .debug_rnglists
                0x0000000000000c19       0xa1 ./Middlewares/ST/STM32_USB_Device_Library/Core/Src/usbd_core.o
 .debug_rnglists
                0x0000000000000cba       0x6e ./Middlewares/ST/STM32_USB_Device_Library/Core/Src/usbd_ctlreq.o
 .debug_rnglists
                0x0000000000000d28       0x37 ./Middlewares/ST/STM32_USB_Device_Library/Core/Src/usbd_ioreq.o
 .debug_rnglists
                0x0000000000000d5f       0x13 ./USB_DEVICE/App/usb_device.o
 .debug_rnglists
                0x0000000000000d72       0x49 ./USB_DEVICE/App/usbd_desc.o
 .debug_rnglists
                0x0000000000000dbb       0xd0 ./USB_DEVICE/Target/usbd_conf.o

.debug_macro    0x0000000000000000    0x247bc
 .debug_macro   0x0000000000000000      0x365 ./Core/Src/main.o
 .debug_macro   0x0000000000000365      0xaa8 ./Core/Src/main.o
 .debug_macro   0x0000000000000e0d      0x2a1 ./Core/Src/main.o
 .debug_macro   0x00000000000010ae       0x2e ./Core/Src/main.o
 .debug_macro   0x00000000000010dc       0x28 ./Core/Src/main.o
 .debug_macro   0x0000000000001104       0x22 ./Core/Src/main.o
 .debug_macro   0x0000000000001126       0x8e ./Core/Src/main.o
 .debug_macro   0x00000000000011b4       0x51 ./Core/Src/main.o
 .debug_macro   0x0000000000001205      0x103 ./Core/Src/main.o
 .debug_macro   0x0000000000001308       0x6a ./Core/Src/main.o
 .debug_macro   0x0000000000001372      0x1df ./Core/Src/main.o
 .debug_macro   0x0000000000001551       0x1c ./Core/Src/main.o
 .debug_macro   0x000000000000156d       0x22 ./Core/Src/main.o
 .debug_macro   0x000000000000158f       0xd9 ./Core/Src/main.o
 .debug_macro   0x0000000000001668     0x102d ./Core/Src/main.o
 .debug_macro   0x0000000000002695      0x11f ./Core/Src/main.o
 .debug_macro   0x00000000000027b4    0x16749 ./Core/Src/main.o
 .debug_macro   0x0000000000018efd       0x6d ./Core/Src/main.o
 .debug_macro   0x0000000000018f6a     0x367e ./Core/Src/main.o
 .debug_macro   0x000000000001c5e8      0x174 ./Core/Src/main.o
 .debug_macro   0x000000000001c75c       0x5c ./Core/Src/main.o
 .debug_macro   0x000000000001c7b8      0xc90 ./Core/Src/main.o
 .debug_macro   0x000000000001d448      0x9fe ./Core/Src/main.o
 .debug_macro   0x000000000001de46      0x115 ./Core/Src/main.o
 .debug_macro   0x000000000001df5b      0x1a0 ./Core/Src/main.o
 .debug_macro   0x000000000001e0fb       0xa5 ./Core/Src/main.o
 .debug_macro   0x000000000001e1a0      0x16d ./Core/Src/main.o
 .debug_macro   0x000000000001e30d      0x287 ./Core/Src/main.o
 .debug_macro   0x000000000001e594       0x5f ./Core/Src/main.o
 .debug_macro   0x000000000001e5f3      0x236 ./Core/Src/main.o
 .debug_macro   0x000000000001e829      0x132 ./Core/Src/main.o
 .debug_macro   0x000000000001e95b      0x29c ./Core/Src/main.o
 .debug_macro   0x000000000001ebf7       0x2e ./Core/Src/main.o
 .debug_macro   0x000000000001ec25      0x11a ./Core/Src/main.o
 .debug_macro   0x000000000001ed3f       0xe8 ./Core/Src/main.o
 .debug_macro   0x000000000001ee27       0x89 ./Core/Src/main.o
 .debug_macro   0x000000000001eeb0      0x225 ./Core/Src/main.o
 .debug_macro   0x000000000001f0d5      0x8e6 ./Core/Src/main.o
 .debug_macro   0x000000000001f9bb       0x4d ./Core/Src/main.o
 .debug_macro   0x000000000001fa08      0x248 ./Core/Src/main.o
 .debug_macro   0x000000000001fc50       0xba ./Core/Src/main.o
 .debug_macro   0x000000000001fd0a      0x126 ./Core/Src/main.o
 .debug_macro   0x000000000001fe30       0xc4 ./Core/Src/main.o
 .debug_macro   0x000000000001fef4       0x61 ./Core/Src/main.o
 .debug_macro   0x000000000001ff55       0x2a ./Core/Src/main.o
 .debug_macro   0x000000000001ff7f       0x43 ./Core/Src/main.o
 .debug_macro   0x000000000001ffc2       0x34 ./Core/Src/main.o
 .debug_macro   0x000000000001fff6       0x16 ./Core/Src/main.o
 .debug_macro   0x000000000002000c       0x35 ./Core/Src/main.o
 .debug_macro   0x0000000000020041      0x369 ./Core/Src/main.o
 .debug_macro   0x00000000000203aa       0x10 ./Core/Src/main.o
 .debug_macro   0x00000000000203ba       0x16 ./Core/Src/main.o
 .debug_macro   0x00000000000203d0       0x43 ./Core/Src/main.o
 .debug_macro   0x0000000000020413       0x34 ./Core/Src/main.o
 .debug_macro   0x0000000000020447       0x10 ./Core/Src/main.o
 .debug_macro   0x0000000000020457       0x58 ./Core/Src/main.o
 .debug_macro   0x00000000000204af       0x8e ./Core/Src/main.o
 .debug_macro   0x000000000002053d       0x1c ./Core/Src/main.o
 .debug_macro   0x0000000000020559      0x177 ./Core/Src/main.o
 .debug_macro   0x00000000000206d0       0x16 ./Core/Src/main.o
 .debug_macro   0x00000000000206e6       0x16 ./Core/Src/main.o
 .debug_macro   0x00000000000206fc      0x147 ./Core/Src/main.o
 .debug_macro   0x0000000000020843       0x16 ./Core/Src/main.o
 .debug_macro   0x0000000000020859       0x16 ./Core/Src/main.o
 .debug_macro   0x000000000002086f       0x29 ./Core/Src/main.o
 .debug_macro   0x0000000000020898       0x16 ./Core/Src/main.o
 .debug_macro   0x00000000000208ae       0x20 ./Core/Src/main.o
 .debug_macro   0x00000000000208ce       0x6b ./Core/Src/main.o
 .debug_macro   0x0000000000020939      0x20f ./Core/Src/main.o
 .debug_macro   0x0000000000020b48      0x201 ./Core/Src/stm32f4xx_hal_msp.o
 .debug_macro   0x0000000000020d49      0x20b ./Core/Src/stm32f4xx_it.o
 .debug_macro   0x0000000000020f54      0x1f2 ./Core/Src/system_stm32f4xx.o
 .debug_macro   0x0000000000021146      0x252 ./Drivers/STM32F4xx_HAL_Driver/Src/stm32f4xx_hal.o
 .debug_macro   0x0000000000021398      0x1f2 ./Drivers/STM32F4xx_HAL_Driver/Src/stm32f4xx_hal_cortex.o
 .debug_macro   0x000000000002158a      0x1f8 ./Drivers/STM32F4xx_HAL_Driver/Src/stm32f4xx_hal_gpio.o
 .debug_macro   0x0000000000021782      0x1fe ./Drivers/STM32F4xx_HAL_Driver/Src/stm32f4xx_hal_pcd.o
 .debug_macro   0x0000000000021980      0x1f2 ./Drivers/STM32F4xx_HAL_Driver/Src/stm32f4xx_hal_pcd_ex.o
 .debug_macro   0x0000000000021b72      0x20a ./Drivers/STM32F4xx_HAL_Driver/Src/stm32f4xx_hal_pwr_ex.o
 .debug_macro   0x0000000000021d7c      0x216 ./Drivers/STM32F4xx_HAL_Driver/Src/stm32f4xx_hal_rcc.o
 .debug_macro   0x0000000000021f92      0x1f2 ./Drivers/STM32F4xx_HAL_Driver/Src/stm32f4xx_hal_rcc_ex.o
 .debug_macro   0x0000000000022184      0x201 ./Drivers/STM32F4xx_HAL_Driver/Src/stm32f4xx_hal_spi.o
 .debug_macro   0x0000000000022385      0x1f3 ./Drivers/STM32F4xx_HAL_Driver/Src/stm32f4xx_hal_tim.o
 .debug_macro   0x0000000000022578      0x1f2 ./Drivers/STM32F4xx_HAL_Driver/Src/stm32f4xx_hal_tim_ex.o
 .debug_macro   0x000000000002276a      0x1f2 ./Drivers/STM32F4xx_HAL_Driver/Src/stm32f4xx_ll_usb.o
 .debug_macro   0x000000000002295c      0x390 ./Middlewares/ST/STM32_USB_Device_Library/Class/HID/Src/usbd_hid.o
 .debug_macro   0x0000000000022cec       0x97 ./Middlewares/ST/STM32_USB_Device_Library/Class/HID/Src/usbd_hid.o
 .debug_macro   0x0000000000022d83       0xfd ./Middlewares/ST/STM32_USB_Device_Library/Class/HID/Src/usbd_hid.o
 .debug_macro   0x0000000000022e80       0x56 ./Middlewares/ST/STM32_USB_Device_Library/Class/HID/Src/usbd_hid.o
 .debug_macro   0x0000000000022ed6       0x5f ./Middlewares/ST/STM32_USB_Device_Library/Class/HID/Src/usbd_hid.o
 .debug_macro   0x0000000000022f35      0x377 ./Middlewares/ST/STM32_USB_Device_Library/Core/Src/usbd_core.o
 .debug_macro   0x00000000000232ac      0x215 ./Middlewares/ST/STM32_USB_Device_Library/Core/Src/usbd_core.o
 .debug_macro   0x00000000000234c1      0x381 ./Middlewares/ST/STM32_USB_Device_Library/Core/Src/usbd_ctlreq.o
 .debug_macro   0x0000000000023842      0x37d ./Middlewares/ST/STM32_USB_Device_Library/Core/Src/usbd_ioreq.o
 .debug_macro   0x0000000000023bbf      0x3a7 ./USB_DEVICE/App/usb_device.o
 .debug_macro   0x0000000000023f66       0xca ./USB_DEVICE/App/usb_device.o
 .debug_macro   0x0000000000024030       0x22 ./USB_DEVICE/App/usb_device.o
 .debug_macro   0x0000000000024052      0x3ba ./USB_DEVICE/App/usbd_desc.o
 .debug_macro   0x000000000002440c       0x1c ./USB_DEVICE/App/usbd_desc.o
 .debug_macro   0x0000000000024428      0x394 ./USB_DEVICE/Target/usbd_conf.o

.debug_line     0x0000000000000000    0x17889
 .debug_line    0x0000000000000000      0xb2f ./Core/Src/main.o
 .debug_line    0x0000000000000b2f      0x841 ./Core/Src/stm32f4xx_hal_msp.o
 .debug_line    0x0000000000001370      0x867 ./Core/Src/stm32f4xx_it.o
 .debug_line    0x0000000000001bd7      0x80e ./Core/Src/system_stm32f4xx.o
 .debug_line    0x00000000000023e5       0x7a ./Core/Startup/startup_stm32f446retx.o
 .debug_line    0x000000000000245f      0xa74 ./Drivers/STM32F4xx_HAL_Driver/Src/stm32f4xx_hal.o
 .debug_line    0x0000000000002ed3      0xd23 ./Drivers/STM32F4xx_HAL_Driver/Src/stm32f4xx_hal_cortex.o
 .debug_line    0x0000000000003bf6      0xbd4 ./Drivers/STM32F4xx_HAL_Driver/Src/stm32f4xx_hal_gpio.o
 .debug_line    0x00000000000047ca     0x1542 ./Drivers/STM32F4xx_HAL_Driver/Src/stm32f4xx_hal_pcd.o
 .debug_line    0x0000000000005d0c      0x89e ./Drivers/STM32F4xx_HAL_Driver/Src/stm32f4xx_hal_pcd_ex.o
 .debug_line    0x00000000000065aa      0x99d ./Drivers/STM32F4xx_HAL_Driver/Src/stm32f4xx_hal_pwr_ex.o
 .debug_line    0x0000000000006f47      0xdf7 ./Drivers/STM32F4xx_HAL_Driver/Src/stm32f4xx_hal_rcc.o
 .debug_line    0x0000000000007d3e     0x148f ./Drivers/STM32F4xx_HAL_Driver/Src/stm32f4xx_hal_rcc_ex.o
 .debug_line    0x00000000000091cd     0x1d05 ./Drivers/STM32F4xx_HAL_Driver/Src/stm32f4xx_hal_spi.o
 .debug_line    0x000000000000aed2     0x3760 ./Drivers/STM32F4xx_HAL_Driver/Src/stm32f4xx_hal_tim.o
 .debug_line    0x000000000000e632     0x1a71 ./Drivers/STM32F4xx_HAL_Driver/Src/stm32f4xx_hal_tim_ex.o
 .debug_line    0x00000000000100a3     0x1b36 ./Drivers/STM32F4xx_HAL_Driver/Src/stm32f4xx_ll_usb.o
 .debug_line    0x0000000000011bd9      0xcbb ./Middlewares/ST/STM32_USB_Device_Library/Class/HID/Src/usbd_hid.o
 .debug_line    0x0000000000012894      0xf8b ./Middlewares/ST/STM32_USB_Device_Library/Core/Src/usbd_core.o
 .debug_line    0x000000000001381f     0x1192 ./Middlewares/ST/STM32_USB_Device_Library/Core/Src/usbd_ctlreq.o
 .debug_line    0x00000000000149b1      0xaa4 ./Middlewares/ST/STM32_USB_Device_Library/Core/Src/usbd_ioreq.o
 .debug_line    0x0000000000015455      0xa45 ./USB_DEVICE/App/usb_device.o
 .debug_line    0x0000000000015e9a      0xb44 ./USB_DEVICE/App/usbd_desc.o
 .debug_line    0x00000000000169de      0xeab ./USB_DEVICE/Target/usbd_conf.o

.debug_str      0x0000000000000000    0xd3adb
 .debug_str     0x0000000000000000    0xce7ea ./Core/Src/main.o
                                      0xcebd5 (size before relaxing)
 .debug_str     0x00000000000ce7ea       0x9b ./Core/Src/stm32f4xx_hal_msp.o
                                      0xca61d (size before relaxing)
 .debug_str     0x00000000000ce885      0x47a ./Core/Src/stm32f4xx_it.o
                                      0xca1af (size before relaxing)
 .debug_str     0x00000000000cecff       0xdb ./Core/Src/system_stm32f4xx.o
                                      0xc9bf0 (size before relaxing)
 .debug_str     0x00000000000cedda       0x34 ./Core/Startup/startup_stm32f446retx.o
                                         0x62 (size before relaxing)
 .debug_str     0x00000000000cee0e      0xb24 ./Drivers/STM32F4xx_HAL_Driver/Src/stm32f4xx_hal.o
                                      0xca7b5 (size before relaxing)
 .debug_str     0x00000000000cf932      0x34d ./Drivers/STM32F4xx_HAL_Driver/Src/stm32f4xx_hal_cortex.o
                                      0xca4c3 (size before relaxing)
 .debug_str     0x00000000000cfc7f      0x121 ./Drivers/STM32F4xx_HAL_Driver/Src/stm32f4xx_hal_gpio.o
                                      0xc9d6b (size before relaxing)
 .debug_str     0x00000000000cfda0      0x853 ./Drivers/STM32F4xx_HAL_Driver/Src/stm32f4xx_hal_pcd.o
                                      0xca6e5 (size before relaxing)
 .debug_str     0x00000000000d05f3      0x12d ./Drivers/STM32F4xx_HAL_Driver/Src/stm32f4xx_hal_pcd_ex.o
                                      0xc9fe6 (size before relaxing)
 .debug_str     0x00000000000d0720      0x135 ./Drivers/STM32F4xx_HAL_Driver/Src/stm32f4xx_hal_pwr_ex.o
                                      0xc9dc8 (size before relaxing)
 .debug_str     0x00000000000d0855      0x21f ./Drivers/STM32F4xx_HAL_Driver/Src/stm32f4xx_hal_rcc.o
                                      0xca029 (size before relaxing)
 .debug_str     0x00000000000d0a74      0x31c ./Drivers/STM32F4xx_HAL_Driver/Src/stm32f4xx_hal_rcc_ex.o
                                      0xca05c (size before relaxing)
 .debug_str     0x00000000000d0d90      0x597 ./Drivers/STM32F4xx_HAL_Driver/Src/stm32f4xx_hal_spi.o
                                      0xca48f (size before relaxing)
 .debug_str     0x00000000000d1327      0xde2 ./Drivers/STM32F4xx_HAL_Driver/Src/stm32f4xx_hal_tim.o
                                      0xcaf45 (size before relaxing)
 .debug_str     0x00000000000d2109      0x493 ./Drivers/STM32F4xx_HAL_Driver/Src/stm32f4xx_hal_tim_ex.o
                                      0xca761 (size before relaxing)
 .debug_str     0x00000000000d259c      0x43b ./Drivers/STM32F4xx_HAL_Driver/Src/stm32f4xx_ll_usb.o
                                      0xca52e (size before relaxing)
 .debug_str     0x00000000000d29d7      0x81e ./Middlewares/ST/STM32_USB_Device_Library/Class/HID/Src/usbd_hid.o
                                      0xce87b (size before relaxing)
 .debug_str     0x00000000000d31f5      0x366 ./Middlewares/ST/STM32_USB_Device_Library/Core/Src/usbd_core.o
                                      0xce813 (size before relaxing)
 .debug_str     0x00000000000d355b      0x139 ./Middlewares/ST/STM32_USB_Device_Library/Core/Src/usbd_ctlreq.o
                                      0xce63e (size before relaxing)
 .debug_str     0x00000000000d3694       0x79 ./Middlewares/ST/STM32_USB_Device_Library/Core/Src/usbd_ioreq.o
                                      0xce513 (size before relaxing)
 .debug_str     0x00000000000d370d       0xaf ./USB_DEVICE/App/usb_device.o
                                      0xce688 (size before relaxing)
 .debug_str     0x00000000000d37bc      0x298 ./USB_DEVICE/App/usbd_desc.o
                                      0xce43d (size before relaxing)
 .debug_str     0x00000000000d3a54       0x87 ./USB_DEVICE/Target/usbd_conf.o
                                      0xcf837 (size before relaxing)

.debug_frame    0x0000000000000000     0x4fb4
 .debug_frame   0x0000000000000000       0xcc ./Core/Src/main.o
 .debug_frame   0x00000000000000cc       0xf4 ./Core/Src/stm32f4xx_hal_msp.o
 .debug_frame   0x00000000000001c0      0x120 ./Core/Src/stm32f4xx_it.o
 .debug_frame   0x00000000000002e0       0x58 ./Core/Src/system_stm32f4xx.o
 .debug_frame   0x0000000000000338      0x374 ./Drivers/STM32F4xx_HAL_Driver/Src/stm32f4xx_hal.o
 .debug_frame   0x00000000000006ac      0x498 ./Drivers/STM32F4xx_HAL_Driver/Src/stm32f4xx_hal_cortex.o
 .debug_frame   0x0000000000000b44      0x14c ./Drivers/STM32F4xx_HAL_Driver/Src/stm32f4xx_hal_gpio.o
 .debug_frame   0x0000000000000c90      0x5bc ./Drivers/STM32F4xx_HAL_Driver/Src/stm32f4xx_hal_pcd.o
 .debug_frame   0x000000000000124c      0x100 ./Drivers/STM32F4xx_HAL_Driver/Src/stm32f4xx_hal_pcd_ex.o
 .debug_frame   0x000000000000134c      0x14c ./Drivers/STM32F4xx_HAL_Driver/Src/stm32f4xx_hal_pwr_ex.o
 .debug_frame   0x0000000000001498      0x1f4 ./Drivers/STM32F4xx_HAL_Driver/Src/stm32f4xx_hal_rcc.o
 .debug_frame   0x000000000000168c      0x1e8 ./Drivers/STM32F4xx_HAL_Driver/Src/stm32f4xx_hal_rcc_ex.o
 .debug_frame   0x0000000000001874      0x824 ./Drivers/STM32F4xx_HAL_Driver/Src/stm32f4xx_hal_spi.o
 .debug_frame   0x0000000000002098     0x11c4 ./Drivers/STM32F4xx_HAL_Driver/Src/stm32f4xx_hal_tim.o
 .debug_frame   0x000000000000325c      0x638 ./Drivers/STM32F4xx_HAL_Driver/Src/stm32f4xx_hal_tim_ex.o
 .debug_frame   0x0000000000003894      0x7c0 ./Drivers/STM32F4xx_HAL_Driver/Src/stm32f4xx_ll_usb.o
 .debug_frame   0x0000000000004054      0x184 ./Middlewares/ST/STM32_USB_Device_Library/Class/HID/Src/usbd_hid.o
 .debug_frame   0x00000000000041d8      0x390 ./Middlewares/ST/STM32_USB_Device_Library/Core/Src/usbd_core.o
 .debug_frame   0x0000000000004568      0x23c ./Middlewares/ST/STM32_USB_Device_Library/Core/Src/usbd_ctlreq.o
 .debug_frame   0x00000000000047a4      0x10c ./Middlewares/ST/STM32_USB_Device_Library/Core/Src/usbd_ioreq.o
 .debug_frame   0x00000000000048b0       0x2c ./USB_DEVICE/App/usb_device.o
 .debug_frame   0x00000000000048dc      0x188 ./USB_DEVICE/App/usbd_desc.o
 .debug_frame   0x0000000000004a64      0x4a4 ./USB_DEVICE/Target/usbd_conf.o
 .debug_frame   0x0000000000004f08       0x20 D:/ST/STM32CubeIDE_1.13.2/STM32CubeIDE/plugins/com.st.stm32cube.ide.mcu.externaltools.gnu-tools-for-stm32.11.3.rel1.win32_1.1.1.202309131626/tools/bin/../lib/gcc/arm-none-eabi/11.3.1/../../../../arm-none-eabi/lib/thumb/v7e-m+fp/hard\libc_nano.a(libc_a-memset.o)